cat
cat/xhip
cat/xhip/star.ixr
cat/xhip/star.hdr
cat/xhip/star01.dat
cat/xhip/star02.dat
cat/xhip/star03.dat
cat/xhip/star04.dat
cat/xhip/star05.dat
cat/xhip/star06.dat
cat/xhip/star07.dat
cat/xhip/star08.dat
cat/xhip/star09.dat
cat/xhip/star10.dat
cat/xhip/star11.dat
cat/xhip/star12.dat
cat/xhip/star13.dat
cat/xhip/star14.dat
cat/xhip/star15.dat
cat/xhip/star16.dat
cat/xhip/star17.dat
cat/xhip/star18.dat
cat/xhip/star19.dat
cat/xhip/star20.dat
cat/xhip/star21.dat
cat/xhip/star22.dat
cat/xhip/star23.dat
cat/xhip/star24.dat
cat/xhip/star25.dat
cat/xhip/star26.dat
cat/xhip/star27.dat
cat/xhip/star28.dat
cat/xhip/star29.dat
cat/xhip/star30.dat
cat/xhip/star31.dat
cat/xhip/star32.dat
cat/xhip/star33.dat
cat/xhip/star34.dat
cat/xhip/star35.dat
cat/xhip/star36.dat
cat/xhip/star37.dat
cat/xhip/star38.dat
cat/xhip/star39.dat
cat/xhip/star40.dat
cat/xhip/star41.dat
cat/xhip/star42.dat
cat/xhip/star43.dat
cat/xhip/star44.dat
cat/xhip/star45.dat
cat/xhip/star46.dat
cat/xhip/star47.dat
cat/xhip/star48.dat
cat/xhip/star49.dat
cat/xhip/star50.dat
cat/DSoutlines
cat/DSoutlines/dsl.dat
cat/DSoutlines/dsl.hdr
cat/DSoutlines/dsln.dat
cat/DSoutlines/dsln.hdr
cat/milkyway
cat/milkyway/mwf.dat
cat/milkyway/mwf.hdr
cat/milkyway/mwl.dat
cat/milkyway/mwl.hdr
cat/milkyway/Readme.txt
cat/RealSky
cat/RealSky/hh2.dat
cat/RealSky/hhh.dat
cat/RealSky/hi_comn.lis
cat/RealSky/hi_comp.lis
cat/RealSky/hi_coms.lis
cat/RealSky/lo_comp.lis
cat/sac
cat/sac/01.dat
cat/sac/02.dat
cat/sac/03.dat
cat/sac/04.dat
cat/sac/05.dat
cat/sac/06.dat
cat/sac/07.dat
cat/sac/08.dat
cat/sac/09.dat
cat/sac/10.dat
cat/sac/11.dat
cat/sac/12.dat
cat/sac/13.dat
cat/sac/14.dat
cat/sac/15.dat
cat/sac/16.dat
cat/sac/17.dat
cat/sac/18.dat
cat/sac/19.dat
cat/sac/20.dat
cat/sac/21.dat
cat/sac/22.dat
cat/sac/23.dat
cat/sac/24.dat
cat/sac/25.dat
cat/sac/26.dat
cat/sac/27.dat
cat/sac/28.dat
cat/sac/29.dat
cat/sac/30.dat
cat/sac/31.dat
cat/sac/32.dat
cat/sac/33.dat
cat/sac/34.dat
cat/sac/35.dat
cat/sac/36.dat
cat/sac/37.dat
cat/sac/38.dat
cat/sac/39.dat
cat/sac/40.dat
cat/sac/41.dat
cat/sac/42.dat
cat/sac/43.dat
cat/sac/44.dat
cat/sac/45.dat
cat/sac/46.dat
cat/sac/47.dat
cat/sac/48.dat
cat/sac/49.dat
cat/sac/50.dat
cat/sac/sac.ixr
cat/sac/sac.txt
cat/openngc
cat/openngc/ongc01.dat
cat/openngc/ongc02.dat
cat/openngc/ongc03.dat
cat/openngc/ongc04.dat
cat/openngc/ongc05.dat
cat/openngc/ongc06.dat
cat/openngc/ongc07.dat
cat/openngc/ongc08.dat
cat/openngc/ongc09.dat
cat/openngc/ongc10.dat
cat/openngc/ongc11.dat
cat/openngc/ongc12.dat
cat/openngc/ongc13.dat
cat/openngc/ongc14.dat
cat/openngc/ongc15.dat
cat/openngc/ongc16.dat
cat/openngc/ongc17.dat
cat/openngc/ongc18.dat
cat/openngc/ongc19.dat
cat/openngc/ongc20.dat
cat/openngc/ongc21.dat
cat/openngc/ongc22.dat
cat/openngc/ongc23.dat
cat/openngc/ongc24.dat
cat/openngc/ongc25.dat
cat/openngc/ongc26.dat
cat/openngc/ongc27.dat
cat/openngc/ongc28.dat
cat/openngc/ongc29.dat
cat/openngc/ongc30.dat
cat/openngc/ongc31.dat
cat/openngc/ongc32.dat
cat/openngc/ongc33.dat
cat/openngc/ongc34.dat
cat/openngc/ongc35.dat
cat/openngc/ongc36.dat
cat/openngc/ongc37.dat
cat/openngc/ongc38.dat
cat/openngc/ongc39.dat
cat/openngc/ongc40.dat
cat/openngc/ongc41.dat
cat/openngc/ongc42.dat
cat/openngc/ongc43.dat
cat/openngc/ongc44.dat
cat/openngc/ongc45.dat
cat/openngc/ongc46.dat
cat/openngc/ongc47.dat
cat/openngc/ongc48.dat
cat/openngc/ongc49.dat
cat/openngc/ongc50.dat
cat/openngc/ongc.hdr
cat/openngc/ongc.ixr