cat
cat/bsc5
cat/bsc5/01.dat
cat/bsc5/02.dat
cat/bsc5/03.dat
cat/bsc5/04.dat
cat/bsc5/05.dat
cat/bsc5/06.dat
cat/bsc5/07.dat
cat/bsc5/08.dat
cat/bsc5/09.dat
cat/bsc5/10.dat
cat/bsc5/11.dat
cat/bsc5/12.dat
cat/bsc5/13.dat
cat/bsc5/14.dat
cat/bsc5/15.dat
cat/bsc5/16.dat
cat/bsc5/17.dat
cat/bsc5/18.dat
cat/bsc5/19.dat
cat/bsc5/20.dat
cat/bsc5/21.dat
cat/bsc5/22.dat
cat/bsc5/23.dat
cat/bsc5/24.dat
cat/bsc5/25.dat
cat/bsc5/26.dat
cat/bsc5/27.dat
cat/bsc5/28.dat
cat/bsc5/29.dat
cat/bsc5/30.dat
cat/bsc5/31.dat
cat/bsc5/32.dat
cat/bsc5/33.dat
cat/bsc5/34.dat
cat/bsc5/35.dat
cat/bsc5/36.dat
cat/bsc5/37.dat
cat/bsc5/38.dat
cat/bsc5/39.dat
cat/bsc5/40.dat
cat/bsc5/41.dat
cat/bsc5/42.dat
cat/bsc5/43.dat
cat/bsc5/44.dat
cat/bsc5/45.dat
cat/bsc5/46.dat
cat/bsc5/47.dat
cat/bsc5/48.dat
cat/bsc5/49.dat
cat/bsc5/50.dat
cat/bsc5.txt
cat/DSoutlines
cat/DSoutlines/dsl.dat
cat/DSoutlines/dsl.hdr
cat/DSoutlines/DSLname.txt
cat/DSoutlines/dsln.dat
cat/DSoutlines/dsln.hdr
cat/DSoutlines/dsln.prj
cat/DSoutlines/dsl.prj
cat/DSoutlines/DSL.txt
cat/milkyway
cat/milkyway/milkyway.dat
cat/milkyway/mwf.dat
cat/milkyway/mwf.hdr
cat/milkyway/mwf.prj
cat/milkyway/mwl.dat
cat/milkyway/mwl.hdr
cat/milkyway/mwline.dat
cat/milkyway/mwl.prj
cat/milkyway/Readme.txt
cat/ngc2000
cat/ngc2000/ic.idx
cat/ngc2000/messier.idx
cat/ngc2000/ngc.idx
cat/RealSky
cat/RealSky/hh2.dat
cat/RealSky/hhh.dat
cat/RealSky/hi_comn.lis
cat/RealSky/hi_comp.lis
cat/RealSky/hi_coms.lis
cat/RealSky/lo_comp.lis
cat/sac
cat/sac/01.dat
cat/sac/02.dat
cat/sac/03.dat
cat/sac/04.dat
cat/sac/05.dat
cat/sac/06.dat
cat/sac/07.dat
cat/sac/08.dat
cat/sac/09.dat
cat/sac/10.dat
cat/sac/11.dat
cat/sac/12.dat
cat/sac/13.dat
cat/sac/14.dat
cat/sac/15.dat
cat/sac/16.dat
cat/sac/17.dat
cat/sac/18.dat
cat/sac/19.dat
cat/sac/20.dat
cat/sac/21.dat
cat/sac/22.dat
cat/sac/23.dat
cat/sac/24.dat
cat/sac/25.dat
cat/sac/26.dat
cat/sac/27.dat
cat/sac/28.dat
cat/sac/29.dat
cat/sac/30.dat
cat/sac/31.dat
cat/sac/32.dat
cat/sac/33.dat
cat/sac/34.dat
cat/sac/35.dat
cat/sac/36.dat
cat/sac/37.dat
cat/sac/38.dat
cat/sac/39.dat
cat/sac/40.dat
cat/sac/41.dat
cat/sac/42.dat
cat/sac/43.dat
cat/sac/44.dat
cat/sac/45.dat
cat/sac/46.dat
cat/sac/47.dat
cat/sac/48.dat
cat/sac/49.dat
cat/sac/50.dat
cat/sac/sac.idx
cat/sac.txt
