data
data/common_names
data/common_names/NebulaNames.txt
data/common_names/NebulaNames_is.txt
data/common_names/NebulaNames_zh_CN.txt
data/common_names/StarsNames_is.txt
data/common_names/StarsNames_ru.txt
data/common_names/StarsNames.txt
data/common_names/StarsNames_uk.txt
data/common_names/StarsNames_zh_CN.txt
data/constellation
data/constellation/constb.cby
data/constellation/constlabel.cla
data/constellation/constlabel_de.cla
data/constellation/constlabel_el.cla
data/constellation/constlabel_es.cla
data/constellation/constlabel_fr.cla
data/constellation/constlabel_hr.cla
data/constellation/constlabel_hu.cla
data/constellation/constlabel_is.cla
data/constellation/constlabel_it.cla
data/constellation/constlabel_nl.cla
data/constellation/constlabel_no.cla
data/constellation/constlabel_pl.cla
data/constellation/constlabel_pt.cla
data/constellation/constlabel_ru.cla
data/constellation/constlabel_sl.cla
data/constellation/constlabel_th.cla
data/constellation/constlabel_uk.cla
data/constellation/constlabel_zh.cla
data/constellation/constlabel_zh_CN.cla
data/constellation/constlabel_zh_TW.cla
data/constellation/DefaultConstL.cln
data/constellation/DefaultConstLCoord.cln
data/constellation/ReyConstL.cln
data/constellation/ReyConstLCoord.cln
data/constellation/Tirion-Constellations.cln
data/earthmap
data/earthmap/earthmap1k.jpg
data/earthmap/earthmap4k.jpg
data/eclipses
data/eclipses/lunar-00.txt
data/eclipses/lunar-01.txt
data/eclipses/lunar01.txt
data/eclipses/lunar-02.txt
data/eclipses/lunar02.txt
data/eclipses/lunar-03.txt
data/eclipses/lunar03.txt
data/eclipses/lunar-04.txt
data/eclipses/lunar04.txt
data/eclipses/lunar-05.txt
data/eclipses/lunar05.txt
data/eclipses/lunar-06.txt
data/eclipses/lunar06.txt
data/eclipses/lunar-07.txt
data/eclipses/lunar07.txt
data/eclipses/lunar-08.txt
data/eclipses/lunar08.txt
data/eclipses/lunar-09.txt
data/eclipses/lunar09.txt
data/eclipses/lunar-10.txt
data/eclipses/lunar10.txt
data/eclipses/lunar-11.txt
data/eclipses/lunar11.txt
data/eclipses/lunar-12.txt
data/eclipses/lunar12.txt
data/eclipses/lunar-13.txt
data/eclipses/lunar13.txt
data/eclipses/lunar-14.txt
data/eclipses/lunar14.txt
data/eclipses/lunar-15.txt
data/eclipses/lunar15.txt
data/eclipses/lunar-16.txt
data/eclipses/lunar16.txt
data/eclipses/lunar-17.txt
data/eclipses/lunar17.txt
data/eclipses/lunar-18.txt
data/eclipses/lunar18.txt
data/eclipses/lunar-19.txt
data/eclipses/lunar19.txt
data/eclipses/lunar20.txt
data/eclipses/lunar21.txt
data/eclipses/lunar22.txt
data/eclipses/lunar23.txt
data/eclipses/lunar24.txt
data/eclipses/lunar25.txt
data/eclipses/lunar26.txt
data/eclipses/lunar27.txt
data/eclipses/lunar28.txt
data/eclipses/lunar29.txt
data/eclipses/lunar30.txt
data/eclipses/SE1991Jan15A.png
data/eclipses/SE1991Jul11T.png
data/eclipses/SE1992Dec24P.png
data/eclipses/SE1992Jan04A.png
data/eclipses/SE1992Jun30T.png
data/eclipses/SE1993May21P.png
data/eclipses/SE1993Nov13P.png
data/eclipses/SE1994May10A.png
data/eclipses/SE1994Nov03T.png
data/eclipses/SE1995Apr29A.png
data/eclipses/SE1995Oct24T.png
data/eclipses/SE1996Apr17P.png
data/eclipses/SE1996Oct12P.png
data/eclipses/SE1997Mar09T.png
data/eclipses/SE1997Sep02P.png
data/eclipses/SE1998Aug22A.png
data/eclipses/SE1998Feb26T.png
data/eclipses/SE1999Aug11T.png
data/eclipses/SE1999Feb16A.png
data/eclipses/SE2000Dec25P.png
data/eclipses/SE2000Feb05P.png
data/eclipses/SE2000Jul01P.png
data/eclipses/SE2000Jul31P.png
data/eclipses/SE2001Dec14A.png
data/eclipses/SE2001Jun21T.png
data/eclipses/SE2002Dec04T.png
data/eclipses/SE2002Jun10A.png
data/eclipses/SE2003May31A.png
data/eclipses/SE2003Nov23T.png
data/eclipses/SE2004Apr19P.png
data/eclipses/SE2004Oct14P.png
data/eclipses/SE2005Apr08H.png
data/eclipses/SE2005Oct03A.png
data/eclipses/SE2006Mar29T.png
data/eclipses/SE2006Sep22A.png
data/eclipses/SE2007Mar19P.png
data/eclipses/SE2007Sep11P.png
data/eclipses/SE2008Aug01T.png
data/eclipses/SE2008Feb07A.png
data/eclipses/SE2009Jan26A.png
data/eclipses/SE2009Jul22T.png
data/eclipses/SE2010Jan15A.png
data/eclipses/SE2010Jul11T.png
data/eclipses/SE2011Jan04P.png
data/eclipses/SE2011Jul01P.png
data/eclipses/SE2011Jun01P.png
data/eclipses/SE2011Nov25P.png
data/eclipses/SE2012May20A.png
data/eclipses/SE2012Nov13T.png
data/eclipses/SE2013May10A.png
data/eclipses/SE2013Nov03H.png
data/eclipses/SE2014Apr29A.png
data/eclipses/SE2014Oct23P.png
data/eclipses/SE2015Mar20T.png
data/eclipses/SE2015Sep13P.png
data/eclipses/SE2016Mar09T.png
data/eclipses/SE2016Sep01A.png
data/eclipses/SE2017Aug21T.png
data/eclipses/SE2017Feb26A.png
data/eclipses/SE2018Aug11P.png
data/eclipses/SE2018Feb15P.png
data/eclipses/SE2018Jul13P.png
data/eclipses/SE2019Dec26A.png
data/eclipses/SE2019Jan06P.png
data/eclipses/SE2019Jul02T.png
data/eclipses/SE2020Dec14T.png
data/eclipses/SE2020Jun21A.png
data/eclipses/SE2021Dec04T.png
data/eclipses/SE2021Jun10A.png
data/eclipses/SE2022Apr30P.png
data/eclipses/SE2022Oct25P.png
data/eclipses/SE2023Apr20H.png
data/eclipses/SE2023Oct14A.png
data/eclipses/SE2024Apr08T.png
data/eclipses/SE2024Oct02A.png
data/eclipses/SE2026Aug12T.png
data/eclipses/SE2026Feb17A.png
data/eclipses/SE2027Aug02T.png
data/eclipses/SE2027Feb06A.png
data/eclipses/SE2028Jan26A.png
data/eclipses/SE2028Jul22T.png
data/eclipses/SE2030Jun01A.png
data/eclipses/SE2030Nov25T.png
data/eclipses/solar-00.txt
data/eclipses/solar-01.txt
data/eclipses/solar01.txt
data/eclipses/solar-02.txt
data/eclipses/solar02.txt
data/eclipses/solar-03.txt
data/eclipses/solar03.txt
data/eclipses/solar-04.txt
data/eclipses/solar04.txt
data/eclipses/solar-05.txt
data/eclipses/solar05.txt
data/eclipses/solar-06.txt
data/eclipses/solar06.txt
data/eclipses/solar-07.txt
data/eclipses/solar07.txt
data/eclipses/solar-08.txt
data/eclipses/solar08.txt
data/eclipses/solar-09.txt
data/eclipses/solar09.txt
data/eclipses/solar-10.txt
data/eclipses/solar10.txt
data/eclipses/solar-11.txt
data/eclipses/solar11.txt
data/eclipses/solar-12.txt
data/eclipses/solar12.txt
data/eclipses/solar-13.txt
data/eclipses/solar13.txt
data/eclipses/solar-14.txt
data/eclipses/solar14.txt
data/eclipses/solar-15.txt
data/eclipses/solar15.txt
data/eclipses/solar-16.txt
data/eclipses/solar16.txt
data/eclipses/solar-17.txt
data/eclipses/solar17.txt
data/eclipses/solar-18.txt
data/eclipses/solar18.txt
data/eclipses/solar-19.txt
data/eclipses/solar19.txt
data/eclipses/solar20.txt
data/eclipses/solar21.txt
data/eclipses/solar22.txt
data/eclipses/solar23.txt
data/eclipses/solar24.txt
data/eclipses/solar25.txt
data/eclipses/solar26.txt
data/eclipses/solar27.txt
data/eclipses/solar28.txt
data/eclipses/solar29.txt
data/eclipses/solar30.txt
data/horizon
data/horizon/horizon_Geneve.txt
data/indi/drivers.xml
data/indi/readme.txt
data/language
data/language/lclstrconsts.ca.po
data/language/lclstrconsts.cs.po
data/language/lclstrconsts.de.po
data/language/lclstrconsts.el.po
data/language/lclstrconsts.en.po
data/language/lclstrconsts.es.po
data/language/lclstrconsts.fi.po
data/language/lclstrconsts.fr.po
data/language/lclstrconsts.he.po
data/language/lclstrconsts.id.po
data/language/lclstrconsts.is.po
data/language/lclstrconsts.it.po
data/language/lclstrconsts.lt.po
data/language/lclstrconsts.nl.po
data/language/lclstrconsts.no.po
data/language/lclstrconsts.pb.po
data/language/lclstrconsts.pliso.po
data/language/lclstrconsts.pl.po
data/language/lclstrconsts.plwin.po
data/language/lclstrconsts.po
data/language/lclstrconsts.pt_BR.po
data/language/lclstrconsts.pt.po
data/language/lclstrconsts.ru.po
data/language/lclstrconsts.sk.po
data/language/lclstrconsts.tr.po
data/language/lclstrconsts.uk.po
data/language/lclstrconsts.zh-cn.po
data/language/lclstrconsts.zh_CN.po
data/language/lclstrconsts.zh.po
data/language/skychart.ca.po
data/language/skychart.cs.po
data/language/skychart.de.po
data/language/skychart.el.po
data/language/skychart.en.po
data/language/skychart.es.po
data/language/skychart.fa.po
data/language/skychart.fr.po
data/language/skychart.hr.po
data/language/skychart.hu.po
data/language/skychart.is.po
data/language/skychart.it.po
data/language/skychart.ja.po
data/language/skychart.lang
data/language/skychart.ml.po
data/language/skychart.nl.po
data/language/skychart.nb.po
data/language/skychart.no.po
data/language/skychart.pl.po
data/language/skychart.pt.po
data/language/skychart.pt_BR.po
data/language/skychart.ru.po
data/language/skychart.si.po
data/language/skychart.sl.po
data/language/skychart.sv.po
data/language/skychart.th.po
data/language/skychart.tr.po
data/language/skychart.uk.po
data/language/skychart.zh.po
data/language/skychart.zh_TW.po
data/language/skychart.zh_CN.po
data/milkyway
data/milkyway/milkyway.dat
data/pictures
data/planet
data/planet/jupiter-0.jpg
data/planet/jupiter.jpg
data/planet/mars.jpg
data/planet/mercury.jpg
data/planet/moon.jpg
data/planet/neptune.jpg
data/planet/pluto.jpg
data/planet/saturn.jpg
data/planet/saturn_ring.jpg
data/planet/sun.jpg
data/planet/sun-0.jpg
data/planet/uranus.jpg
data/planet/venus.jpg
data/planet/xplanet.config
data/planet/symbol1.png
data/planet/symbol2.png
data/planet/symbol4.png
data/planet/symbol5.png
data/planet/symbol6.png
data/planet/symbol7.png
data/planet/symbol8.png
data/planet/symbol9.png
data/planet/symbol10.png
data/planet/symbol11.png
data/sample
data/sample/d2k.hdr
data/sample/d2k.info2
data/sample/d2k.prj
data/sample/ds2000.cdc3
data/sample/Cometsample.dat
data/sample/country.dat
data/sample/MPCsample.dat
data/sample/us.dat
data/sample/world.dat
data/sample/aavsoeasy.dat
data/script/LocationTime.cdcps
data/script/ObserverTool.cdcps
data/script/PHDguiding.cdcps
data/script/SolarSystem.cdcps
data/stars
data/stars/PhotoBW.bmp
data/stars/PhotoColor.bmp
data/stars/PhotoHighColor.bmp
data/stars/PhotoPastel.bmp
data/stars/StarsBW.bmp
data/stars/StarsColor.bmp
data/stars/StarsHighColor.bmp
data/stars/StarsPastel.bmp
data/Themes
data/Themes/default
data/Themes/default/arrow.bmp
data/Themes/default/compass.bmp
data/Themes/default/starshape.bmp
data/Themes/default/retic.cur
data/Themes/default/icon_blue
data/Themes/default/icon_blue/a1.png
data/Themes/default/icon_blue/b1.png
data/Themes/default/icon_blue/b2.png
data/Themes/default/icon_blue/i0.png
data/Themes/default/icon_blue/i10.png
data/Themes/default/icon_blue/i11.png
data/Themes/default/icon_blue/i12.png
data/Themes/default/icon_blue/i13.png
data/Themes/default/icon_blue/i14.png
data/Themes/default/icon_blue/i15.png
data/Themes/default/icon_blue/i16.png
data/Themes/default/icon_blue/i17.png
data/Themes/default/icon_blue/i18.png
data/Themes/default/icon_blue/i19.png
data/Themes/default/icon_blue/i1.png
data/Themes/default/icon_blue/i20.png
data/Themes/default/icon_blue/i21.png
data/Themes/default/icon_blue/i22.png
data/Themes/default/icon_blue/i23.png
data/Themes/default/icon_blue/i24.png
data/Themes/default/icon_blue/i25.png
data/Themes/default/icon_blue/i26.png
data/Themes/default/icon_blue/i27.png
data/Themes/default/icon_blue/i28.png
data/Themes/default/icon_blue/i29.png
data/Themes/default/icon_blue/i2.png
data/Themes/default/icon_blue/i30.png
data/Themes/default/icon_blue/i31.png
data/Themes/default/icon_blue/i32.png
data/Themes/default/icon_blue/i33.png
data/Themes/default/icon_blue/i34.png
data/Themes/default/icon_blue/i35.png
data/Themes/default/icon_blue/i36.png
data/Themes/default/icon_blue/i37.png
data/Themes/default/icon_blue/i38.png
data/Themes/default/icon_blue/i39.png
data/Themes/default/icon_blue/i3.png
data/Themes/default/icon_blue/i40.png
data/Themes/default/icon_blue/i41.png
data/Themes/default/icon_blue/i42.png
data/Themes/default/icon_blue/i43.png
data/Themes/default/icon_blue/i44.png
data/Themes/default/icon_blue/i45.png
data/Themes/default/icon_blue/i46.png
data/Themes/default/icon_blue/i47.png
data/Themes/default/icon_blue/i48.png
data/Themes/default/icon_blue/i49.png
data/Themes/default/icon_blue/i4.png
data/Themes/default/icon_blue/i50.png
data/Themes/default/icon_blue/i51.png
data/Themes/default/icon_blue/i52.png
data/Themes/default/icon_blue/i53.png
data/Themes/default/icon_blue/i54.png
data/Themes/default/icon_blue/i55.png
data/Themes/default/icon_blue/i56.png
data/Themes/default/icon_blue/i57.png
data/Themes/default/icon_blue/i58.png
data/Themes/default/icon_blue/i59.png
data/Themes/default/icon_blue/i5.png
data/Themes/default/icon_blue/i60.png
data/Themes/default/icon_blue/i61.png
data/Themes/default/icon_blue/i62.png
data/Themes/default/icon_blue/i63.png
data/Themes/default/icon_blue/i64.png
data/Themes/default/icon_blue/i65.png
data/Themes/default/icon_blue/i66.png
data/Themes/default/icon_blue/i67.png
data/Themes/default/icon_blue/i68.png
data/Themes/default/icon_blue/i69.png
data/Themes/default/icon_blue/i6.png
data/Themes/default/icon_blue/i70.png
data/Themes/default/icon_blue/i71.png
data/Themes/default/icon_blue/i72.png
data/Themes/default/icon_blue/i73.png
data/Themes/default/icon_blue/i74.png
data/Themes/default/icon_blue/i75.png
data/Themes/default/icon_blue/i76.png
data/Themes/default/icon_blue/i77.png
data/Themes/default/icon_blue/i78.png
data/Themes/default/icon_blue/i79.png
data/Themes/default/icon_blue/i7.png
data/Themes/default/icon_blue/i80.png
data/Themes/default/icon_blue/i81.png
data/Themes/default/icon_blue/i82.png
data/Themes/default/icon_blue/i83.png
data/Themes/default/icon_blue/i84.png
data/Themes/default/icon_blue/i85.png
data/Themes/default/icon_blue/i86.png
data/Themes/default/icon_blue/i87.png
data/Themes/default/icon_blue/i88.png
data/Themes/default/icon_blue/i89.png
data/Themes/default/icon_blue/i8.png
data/Themes/default/icon_blue/i9.png
data/Themes/default/icon_blue/i90.png
data/Themes/default/icon_blue/i91.png
data/Themes/default/icon_blue/i92.png
data/Themes/default/icon_blue/i93.png
data/Themes/default/icon_blue/i94.png
data/Themes/default/icon_blue/i95.png
data/Themes/default/icon_blue/i96.png
data/Themes/default/icon_blue/i97.png
data/Themes/default/icon_blue/i98.png
data/Themes/default/icon_blue/i99.png
data/Themes/default/icon_blue/i100.png
data/Themes/default/icon_blue/i101.png
data/Themes/default/icon_blue/i102.png
data/Themes/default/icon_blue/i103.png
data/Themes/default/icon_blue/i104.png
data/Themes/default/icon_blue/i105.png
data/Themes/default/icon_blue/i106.png
data/Themes/default/icon_blue/i107.png
data/Themes/default/icon_blue/i108.png
data/Themes/default/icon_blue/i109.png
data/Themes/default/icon_blue/i110.png
data/Themes/default/icon_blue/i111.png
data/Themes/default/icon_blue/i112.png
data/Themes/default/icon_blue/i113.png
data/Themes/default/icon_blue/i114.png
data/Themes/default/icon_blue/i115.png
data/Themes/default/icon_blue/i116.png
data/Themes/default/icon_blue/i117.png
data/Themes/default/icon_blue/i118.png
data/Themes/default/icon_blue/i119.png
data/Themes/default/icon_blue/i120.png
data/Themes/default/icon_color
data/Themes/default/icon_color/a1.png
data/Themes/default/icon_color/b1.png
data/Themes/default/icon_color/b2.png
data/Themes/default/icon_color/i0.png
data/Themes/default/icon_color/i10.png
data/Themes/default/icon_color/i11.png
data/Themes/default/icon_color/i12.png
data/Themes/default/icon_color/i13.png
data/Themes/default/icon_color/i14.png
data/Themes/default/icon_color/i15.png
data/Themes/default/icon_color/i16.png
data/Themes/default/icon_color/i17.png
data/Themes/default/icon_color/i18.png
data/Themes/default/icon_color/i19.png
data/Themes/default/icon_color/i1.png
data/Themes/default/icon_color/i20.png
data/Themes/default/icon_color/i21.png
data/Themes/default/icon_color/i22.png
data/Themes/default/icon_color/i23.png
data/Themes/default/icon_color/i24.png
data/Themes/default/icon_color/i25.png
data/Themes/default/icon_color/i26.png
data/Themes/default/icon_color/i27.png
data/Themes/default/icon_color/i28.png
data/Themes/default/icon_color/i29.png
data/Themes/default/icon_color/i2.png
data/Themes/default/icon_color/i30.png
data/Themes/default/icon_color/i31.png
data/Themes/default/icon_color/i32.png
data/Themes/default/icon_color/i33.png
data/Themes/default/icon_color/i34.png
data/Themes/default/icon_color/i35.png
data/Themes/default/icon_color/i36.png
data/Themes/default/icon_color/i37.png
data/Themes/default/icon_color/i38.png
data/Themes/default/icon_color/i39.png
data/Themes/default/icon_color/i3.png
data/Themes/default/icon_color/i40.png
data/Themes/default/icon_color/i41.png
data/Themes/default/icon_color/i42.png
data/Themes/default/icon_color/i43.png
data/Themes/default/icon_color/i44.png
data/Themes/default/icon_color/i45.png
data/Themes/default/icon_color/i46.png
data/Themes/default/icon_color/i47.png
data/Themes/default/icon_color/i48.png
data/Themes/default/icon_color/i49.png
data/Themes/default/icon_color/i4.png
data/Themes/default/icon_color/i50.png
data/Themes/default/icon_color/i51.png
data/Themes/default/icon_color/i52.png
data/Themes/default/icon_color/i53.png
data/Themes/default/icon_color/i54.png
data/Themes/default/icon_color/i55.png
data/Themes/default/icon_color/i56.png
data/Themes/default/icon_color/i57.png
data/Themes/default/icon_color/i58.png
data/Themes/default/icon_color/i59.png
data/Themes/default/icon_color/i5.png
data/Themes/default/icon_color/i60.png
data/Themes/default/icon_color/i61.png
data/Themes/default/icon_color/i62.png
data/Themes/default/icon_color/i63.png
data/Themes/default/icon_color/i64.png
data/Themes/default/icon_color/i65.png
data/Themes/default/icon_color/i66.png
data/Themes/default/icon_color/i67.png
data/Themes/default/icon_color/i68.png
data/Themes/default/icon_color/i69.png
data/Themes/default/icon_color/i6.png
data/Themes/default/icon_color/i70.png
data/Themes/default/icon_color/i71.png
data/Themes/default/icon_color/i72.png
data/Themes/default/icon_color/i73.png
data/Themes/default/icon_color/i74.png
data/Themes/default/icon_color/i75.png
data/Themes/default/icon_color/i76.png
data/Themes/default/icon_color/i77.png
data/Themes/default/icon_color/i78.png
data/Themes/default/icon_color/i79.png
data/Themes/default/icon_color/i7.png
data/Themes/default/icon_color/i80.png
data/Themes/default/icon_color/i81.png
data/Themes/default/icon_color/i82.png
data/Themes/default/icon_color/i83.png
data/Themes/default/icon_color/i84.png
data/Themes/default/icon_color/i85.png
data/Themes/default/icon_color/i86.png
data/Themes/default/icon_color/i87.png
data/Themes/default/icon_color/i88.png
data/Themes/default/icon_color/i89.png
data/Themes/default/icon_color/i8.png
data/Themes/default/icon_color/i9.png
data/Themes/default/icon_color/i90.png
data/Themes/default/icon_color/i91.png
data/Themes/default/icon_color/i92.png
data/Themes/default/icon_color/i93.png
data/Themes/default/icon_color/i94.png
data/Themes/default/icon_color/i95.png
data/Themes/default/icon_color/i96.png
data/Themes/default/icon_color/i97.png
data/Themes/default/icon_color/i98.png
data/Themes/default/icon_color/i99.png
data/Themes/default/icon_color/i100.png
data/Themes/default/icon_color/i101.png
data/Themes/default/icon_color/i102.png
data/Themes/default/icon_color/i103.png
data/Themes/default/icon_color/i104.png
data/Themes/default/icon_color/i105.png
data/Themes/default/icon_color/i106.png
data/Themes/default/icon_color/i107.png
data/Themes/default/icon_color/i108.png
data/Themes/default/icon_color/i109.png
data/Themes/default/icon_color/i110.png
data/Themes/default/icon_color/i111.png
data/Themes/default/icon_color/i112.png
data/Themes/default/icon_color/i113.png
data/Themes/default/icon_color/i114.png
data/Themes/default/icon_color/i115.png
data/Themes/default/icon_color/i116.png
data/Themes/default/icon_color/i117.png
data/Themes/default/icon_color/i118.png
data/Themes/default/icon_color/i119.png
data/Themes/default/icon_color/i120.png
data/Themes/default/icon_green
data/Themes/default/icon_green/a1.png
data/Themes/default/icon_green/b1.png
data/Themes/default/icon_green/b2.png
data/Themes/default/icon_green/i0.png
data/Themes/default/icon_green/i10.png
data/Themes/default/icon_green/i11.png
data/Themes/default/icon_green/i12.png
data/Themes/default/icon_green/i13.png
data/Themes/default/icon_green/i14.png
data/Themes/default/icon_green/i15.png
data/Themes/default/icon_green/i16.png
data/Themes/default/icon_green/i17.png
data/Themes/default/icon_green/i18.png
data/Themes/default/icon_green/i19.png
data/Themes/default/icon_green/i1.png
data/Themes/default/icon_green/i20.png
data/Themes/default/icon_green/i21.png
data/Themes/default/icon_green/i22.png
data/Themes/default/icon_green/i23.png
data/Themes/default/icon_green/i24.png
data/Themes/default/icon_green/i25.png
data/Themes/default/icon_green/i26.png
data/Themes/default/icon_green/i27.png
data/Themes/default/icon_green/i28.png
data/Themes/default/icon_green/i29.png
data/Themes/default/icon_green/i2.png
data/Themes/default/icon_green/i30.png
data/Themes/default/icon_green/i31.png
data/Themes/default/icon_green/i32.png
data/Themes/default/icon_green/i33.png
data/Themes/default/icon_green/i34.png
data/Themes/default/icon_green/i35.png
data/Themes/default/icon_green/i36.png
data/Themes/default/icon_green/i37.png
data/Themes/default/icon_green/i38.png
data/Themes/default/icon_green/i39.png
data/Themes/default/icon_green/i3.png
data/Themes/default/icon_green/i40.png
data/Themes/default/icon_green/i41.png
data/Themes/default/icon_green/i42.png
data/Themes/default/icon_green/i43.png
data/Themes/default/icon_green/i44.png
data/Themes/default/icon_green/i45.png
data/Themes/default/icon_green/i46.png
data/Themes/default/icon_green/i47.png
data/Themes/default/icon_green/i48.png
data/Themes/default/icon_green/i49.png
data/Themes/default/icon_green/i4.png
data/Themes/default/icon_green/i50.png
data/Themes/default/icon_green/i51.png
data/Themes/default/icon_green/i52.png
data/Themes/default/icon_green/i53.png
data/Themes/default/icon_green/i54.png
data/Themes/default/icon_green/i55.png
data/Themes/default/icon_green/i56.png
data/Themes/default/icon_green/i57.png
data/Themes/default/icon_green/i58.png
data/Themes/default/icon_green/i59.png
data/Themes/default/icon_green/i5.png
data/Themes/default/icon_green/i60.png
data/Themes/default/icon_green/i61.png
data/Themes/default/icon_green/i62.png
data/Themes/default/icon_green/i63.png
data/Themes/default/icon_green/i64.png
data/Themes/default/icon_green/i65.png
data/Themes/default/icon_green/i66.png
data/Themes/default/icon_green/i67.png
data/Themes/default/icon_green/i68.png
data/Themes/default/icon_green/i69.png
data/Themes/default/icon_green/i6.png
data/Themes/default/icon_green/i70.png
data/Themes/default/icon_green/i71.png
data/Themes/default/icon_green/i72.png
data/Themes/default/icon_green/i73.png
data/Themes/default/icon_green/i74.png
data/Themes/default/icon_green/i75.png
data/Themes/default/icon_green/i76.png
data/Themes/default/icon_green/i77.png
data/Themes/default/icon_green/i78.png
data/Themes/default/icon_green/i79.png
data/Themes/default/icon_green/i7.png
data/Themes/default/icon_green/i80.png
data/Themes/default/icon_green/i81.png
data/Themes/default/icon_green/i82.png
data/Themes/default/icon_green/i83.png
data/Themes/default/icon_green/i84.png
data/Themes/default/icon_green/i85.png
data/Themes/default/icon_green/i86.png
data/Themes/default/icon_green/i87.png
data/Themes/default/icon_green/i88.png
data/Themes/default/icon_green/i89.png
data/Themes/default/icon_green/i8.png
data/Themes/default/icon_green/i9.png
data/Themes/default/icon_green/i90.png
data/Themes/default/icon_green/i91.png
data/Themes/default/icon_green/i92.png
data/Themes/default/icon_green/i93.png
data/Themes/default/icon_green/i94.png
data/Themes/default/icon_green/i95.png
data/Themes/default/icon_green/i96.png
data/Themes/default/icon_green/i97.png
data/Themes/default/icon_green/i98.png
data/Themes/default/icon_green/i99.png
data/Themes/default/icon_green/i100.png
data/Themes/default/icon_green/i101.png
data/Themes/default/icon_green/i102.png
data/Themes/default/icon_green/i103.png
data/Themes/default/icon_green/i104.png
data/Themes/default/icon_green/i105.png
data/Themes/default/icon_green/i106.png
data/Themes/default/icon_green/i107.png
data/Themes/default/icon_green/i108.png
data/Themes/default/icon_green/i109.png
data/Themes/default/icon_green/i110.png
data/Themes/default/icon_green/i111.png
data/Themes/default/icon_green/i112.png
data/Themes/default/icon_green/i113.png
data/Themes/default/icon_green/i114.png
data/Themes/default/icon_green/i115.png
data/Themes/default/icon_green/i116.png
data/Themes/default/icon_green/i117.png
data/Themes/default/icon_green/i118.png
data/Themes/default/icon_green/i119.png
data/Themes/default/icon_green/i120.png
data/Themes/default/icon_red
data/Themes/default/icon_red/a1.png
data/Themes/default/icon_red/b1.png
data/Themes/default/icon_red/b2.png
data/Themes/default/icon_red/i0.png
data/Themes/default/icon_red/i10.png
data/Themes/default/icon_red/i11.png
data/Themes/default/icon_red/i12.png
data/Themes/default/icon_red/i13.png
data/Themes/default/icon_red/i14.png
data/Themes/default/icon_red/i15.png
data/Themes/default/icon_red/i16.png
data/Themes/default/icon_red/i17.png
data/Themes/default/icon_red/i18.png
data/Themes/default/icon_red/i19.png
data/Themes/default/icon_red/i1.png
data/Themes/default/icon_red/i20.png
data/Themes/default/icon_red/i21.png
data/Themes/default/icon_red/i22.png
data/Themes/default/icon_red/i23.png
data/Themes/default/icon_red/i24.png
data/Themes/default/icon_red/i25.png
data/Themes/default/icon_red/i26.png
data/Themes/default/icon_red/i27.png
data/Themes/default/icon_red/i28.png
data/Themes/default/icon_red/i29.png
data/Themes/default/icon_red/i2.png
data/Themes/default/icon_red/i30.png
data/Themes/default/icon_red/i31.png
data/Themes/default/icon_red/i32.png
data/Themes/default/icon_red/i33.png
data/Themes/default/icon_red/i34.png
data/Themes/default/icon_red/i35.png
data/Themes/default/icon_red/i36.png
data/Themes/default/icon_red/i37.png
data/Themes/default/icon_red/i38.png
data/Themes/default/icon_red/i39.png
data/Themes/default/icon_red/i3.png
data/Themes/default/icon_red/i40.png
data/Themes/default/icon_red/i41.png
data/Themes/default/icon_red/i42.png
data/Themes/default/icon_red/i43.png
data/Themes/default/icon_red/i44.png
data/Themes/default/icon_red/i45.png
data/Themes/default/icon_red/i46.png
data/Themes/default/icon_red/i47.png
data/Themes/default/icon_red/i48.png
data/Themes/default/icon_red/i49.png
data/Themes/default/icon_red/i4.png
data/Themes/default/icon_red/i50.png
data/Themes/default/icon_red/i51.png
data/Themes/default/icon_red/i52.png
data/Themes/default/icon_red/i53.png
data/Themes/default/icon_red/i54.png
data/Themes/default/icon_red/i55.png
data/Themes/default/icon_red/i56.png
data/Themes/default/icon_red/i57.png
data/Themes/default/icon_red/i58.png
data/Themes/default/icon_red/i59.png
data/Themes/default/icon_red/i5.png
data/Themes/default/icon_red/i60.png
data/Themes/default/icon_red/i61.png
data/Themes/default/icon_red/i62.png
data/Themes/default/icon_red/i63.png
data/Themes/default/icon_red/i64.png
data/Themes/default/icon_red/i65.png
data/Themes/default/icon_red/i66.png
data/Themes/default/icon_red/i67.png
data/Themes/default/icon_red/i68.png
data/Themes/default/icon_red/i69.png
data/Themes/default/icon_red/i6.png
data/Themes/default/icon_red/i70.png
data/Themes/default/icon_red/i71.png
data/Themes/default/icon_red/i72.png
data/Themes/default/icon_red/i73.png
data/Themes/default/icon_red/i74.png
data/Themes/default/icon_red/i75.png
data/Themes/default/icon_red/i76.png
data/Themes/default/icon_red/i77.png
data/Themes/default/icon_red/i78.png
data/Themes/default/icon_red/i79.png
data/Themes/default/icon_red/i7.png
data/Themes/default/icon_red/i80.png
data/Themes/default/icon_red/i81.png
data/Themes/default/icon_red/i82.png
data/Themes/default/icon_red/i83.png
data/Themes/default/icon_red/i84.png
data/Themes/default/icon_red/i85.png
data/Themes/default/icon_red/i86.png
data/Themes/default/icon_red/i87.png
data/Themes/default/icon_red/i88.png
data/Themes/default/icon_red/i89.png
data/Themes/default/icon_red/i8.png
data/Themes/default/icon_red/i9.png
data/Themes/default/icon_red/i90.png
data/Themes/default/icon_red/i91.png
data/Themes/default/icon_red/i92.png
data/Themes/default/icon_red/i93.png
data/Themes/default/icon_red/i94.png
data/Themes/default/icon_red/i95.png
data/Themes/default/icon_red/i96.png
data/Themes/default/icon_red/i97.png
data/Themes/default/icon_red/i98.png
data/Themes/default/icon_red/i99.png
data/Themes/default/icon_red/i100.png
data/Themes/default/icon_red/i101.png
data/Themes/default/icon_red/i102.png
data/Themes/default/icon_red/i103.png
data/Themes/default/icon_red/i104.png
data/Themes/default/icon_red/i105.png
data/Themes/default/icon_red/i106.png
data/Themes/default/icon_red/i107.png
data/Themes/default/icon_red/i108.png
data/Themes/default/icon_red/i109.png
data/Themes/default/icon_red/i110.png
data/Themes/default/icon_red/i111.png
data/Themes/default/icon_red/i112.png
data/Themes/default/icon_red/i113.png
data/Themes/default/icon_red/i114.png
data/Themes/default/icon_red/i115.png
data/Themes/default/icon_red/i116.png
data/Themes/default/icon_red/i117.png
data/Themes/default/icon_red/i118.png
data/Themes/default/icon_red/i119.png
data/Themes/default/icon_red/i120.png
data/varobs/And.dat
data/varobs/Ant.dat
data/varobs/Aps.dat
data/varobs/Aql.dat
data/varobs/Aqr.dat
data/varobs/Ara.dat
data/varobs/Ari.dat
data/varobs/Aur.dat
data/varobs/Boo.dat
data/varobs/Cae.dat
data/varobs/Cam.dat
data/varobs/Cap.dat
data/varobs/Car.dat
data/varobs/Cas.dat
data/varobs/Cen.dat
data/varobs/Cep.dat
data/varobs/Cet.dat
data/varobs/Cha.dat
data/varobs/Cir.dat
data/varobs/CMa.dat
data/varobs/CMi.dat
data/varobs/Cnc.dat
data/varobs/Col.dat
data/varobs/Com.dat
data/varobs/CrA.dat
data/varobs/CrB.dat
data/varobs/Crt.dat
data/varobs/Cru.dat
data/varobs/Crv.dat
data/varobs/CVn.dat
data/varobs/Cyg.dat
data/varobs/Del.dat
data/varobs/Dor.dat
data/varobs/Dra.dat
data/varobs/Equ.dat
data/varobs/Eri.dat
data/varobs/For.dat
data/varobs/Gem.dat
data/varobs/Gru.dat
data/varobs/Her.dat
data/varobs/Hor.dat
data/varobs/Hya.dat
data/varobs/Hyi.dat
data/varobs/Ind.dat
data/varobs/Lac.dat
data/varobs/Leo.dat
data/varobs/Lep.dat
data/varobs/Lib.dat
data/varobs/LMi.dat
data/varobs/Lup.dat
data/varobs/Lyn.dat
data/varobs/Lyr.dat
data/varobs/Men.dat
data/varobs/Mic.dat
data/varobs/Mon.dat
data/varobs/Mus.dat
data/varobs/Nor.dat
data/varobs/Oct.dat
data/varobs/Oph.dat
data/varobs/Ori.dat
data/varobs/Pav.dat
data/varobs/Peg.dat
data/varobs/Per.dat
data/varobs/Phe.dat
data/varobs/Pic.dat
data/varobs/PsA.dat
data/varobs/Psc.dat
data/varobs/Pup.dat
data/varobs/Pyx.dat
data/varobs/readme.txt
data/varobs/Ret.dat
data/varobs/Scl.dat
data/varobs/Sco.dat
data/varobs/Sct.dat
data/varobs/Ser.dat
data/varobs/Sex.dat
data/varobs/Sge.dat
data/varobs/Sgr.dat
data/varobs/Tau.dat
data/varobs/Tel.dat
data/varobs/TrA.dat
data/varobs/Tri.dat
data/varobs/Tuc.dat
data/varobs/UMa.dat
data/varobs/UMi.dat
data/varobs/united.txt
data/varobs/Vel.dat
data/varobs/Vir.dat
data/varobs/Vol.dat
data/varobs/Vul.dat
doc
doc/releasenotes_fr.txt
doc/releasenotes_ru.txt
doc/releasenotes.txt
doc/releasenotes_ua.txt
