data
data/common_names
data/common_names/NebulaNames.txt
data/common_names/StarsNames_ru.txt
data/common_names/StarsNames.txt
data/common_names/StarsNames_ua.txt
data/constellation
data/constellation/constb.cby
data/constellation/constlabel.cla
data/constellation/constlabel_fr.cla
data/constellation/constlabel_it.cla
data/constellation/constlabel_ru.cla
data/constellation/constlabel_ua.cla
data/constellation/DefaultConstL.cln
data/constellation/ReyConstL.cln
data/earthmap
data/earthmap/earthmap1k.jpg
data/earthmap/earthmap4k.jpg
data/eclipses
data/eclipses/lunar-00.txt
data/eclipses/lunar-01.txt
data/eclipses/lunar01.txt
data/eclipses/lunar-02.txt
data/eclipses/lunar02.txt
data/eclipses/lunar-03.txt
data/eclipses/lunar03.txt
data/eclipses/lunar-04.txt
data/eclipses/lunar04.txt
data/eclipses/lunar-05.txt
data/eclipses/lunar05.txt
data/eclipses/lunar-06.txt
data/eclipses/lunar06.txt
data/eclipses/lunar-07.txt
data/eclipses/lunar07.txt
data/eclipses/lunar-08.txt
data/eclipses/lunar08.txt
data/eclipses/lunar-09.txt
data/eclipses/lunar09.txt
data/eclipses/lunar-10.txt
data/eclipses/lunar10.txt
data/eclipses/lunar-11.txt
data/eclipses/lunar11.txt
data/eclipses/lunar-12.txt
data/eclipses/lunar12.txt
data/eclipses/lunar-13.txt
data/eclipses/lunar13.txt
data/eclipses/lunar-14.txt
data/eclipses/lunar14.txt
data/eclipses/lunar-15.txt
data/eclipses/lunar15.txt
data/eclipses/lunar-16.txt
data/eclipses/lunar16.txt
data/eclipses/lunar-17.txt
data/eclipses/lunar17.txt
data/eclipses/lunar-18.txt
data/eclipses/lunar18.txt
data/eclipses/lunar-19.txt
data/eclipses/lunar19.txt
data/eclipses/lunar20.txt
data/eclipses/lunar21.txt
data/eclipses/lunar22.txt
data/eclipses/lunar23.txt
data/eclipses/lunar24.txt
data/eclipses/lunar25.txt
data/eclipses/lunar26.txt
data/eclipses/lunar27.txt
data/eclipses/lunar28.txt
data/eclipses/lunar29.txt
data/eclipses/lunar30.txt
data/eclipses/readme.txt
data/eclipses/SE1991Jan15A.png
data/eclipses/SE1991Jul11T.png
data/eclipses/SE1992Dec24P.png
data/eclipses/SE1992Jan04A.png
data/eclipses/SE1992Jun30T.png
data/eclipses/SE1993May21P.png
data/eclipses/SE1993Nov13P.png
data/eclipses/SE1994May10A.png
data/eclipses/SE1994Nov03T.png
data/eclipses/SE1995Apr29A.png
data/eclipses/SE1995Oct24T.png
data/eclipses/SE1996Apr17P.png
data/eclipses/SE1996Oct12P.png
data/eclipses/SE1997Mar09T.png
data/eclipses/SE1997Sep02P.png
data/eclipses/SE1998Aug22A.png
data/eclipses/SE1998Feb26T.png
data/eclipses/SE1999Aug11T.png
data/eclipses/SE1999Feb16A.png
data/eclipses/SE2000Dec25P.png
data/eclipses/SE2000Feb05P.png
data/eclipses/SE2000Jul01P.png
data/eclipses/SE2000Jul31P.png
data/eclipses/SE2001Dec14A.png
data/eclipses/SE2001Jun21T.png
data/eclipses/SE2002Dec04T.png
data/eclipses/SE2002Jun10A.png
data/eclipses/SE2003May31A.png
data/eclipses/SE2003Nov23T.png
data/eclipses/SE2004Apr19P.png
data/eclipses/SE2004Oct14P.png
data/eclipses/SE2005Apr08H.png
data/eclipses/SE2005Oct03A.png
data/eclipses/SE2006Mar29T.png
data/eclipses/SE2006Sep22A.png
data/eclipses/SE2007Mar19P.png
data/eclipses/SE2007Sep11P.png
data/eclipses/SE2008Aug01T.png
data/eclipses/SE2008Feb07A.png
data/eclipses/SE2009Jan26A.png
data/eclipses/SE2009Jul22T.png
data/eclipses/SE2010Jan15A.png
data/eclipses/SE2010Jul11T.png
data/eclipses/SE2011Jan04P.png
data/eclipses/SE2011Jul01P.png
data/eclipses/SE2011Jun01P.png
data/eclipses/SE2011Nov25P.png
data/eclipses/SE2012May20A.png
data/eclipses/SE2012Nov13T.png
data/eclipses/SE2013May10A.png
data/eclipses/SE2013Nov03H.png
data/eclipses/SE2014Apr29A.png
data/eclipses/SE2014Oct23P.png
data/eclipses/SE2015Mar20T.png
data/eclipses/SE2015Sep13P.png
data/eclipses/SE2016Mar09T.png
data/eclipses/SE2016Sep01A.png
data/eclipses/SE2017Aug21T.png
data/eclipses/SE2017Feb26A.png
data/eclipses/SE2018Aug11P.png
data/eclipses/SE2018Feb15P.png
data/eclipses/SE2018Jul13P.png
data/eclipses/SE2019Dec26A.png
data/eclipses/SE2019Jan06P.png
data/eclipses/SE2019Jul02T.png
data/eclipses/SE2020Dec14T.png
data/eclipses/SE2020Jun21A.png
data/eclipses/SE2021Dec04T.png
data/eclipses/SE2021Jun10A.png
data/eclipses/SE2022Apr30P.png
data/eclipses/SE2022Oct25P.png
data/eclipses/SE2023Apr20H.png
data/eclipses/SE2023Oct14A.png
data/eclipses/SE2024Apr08T.png
data/eclipses/SE2024Oct02A.png
data/eclipses/SE2026Aug12T.png
data/eclipses/SE2026Feb17A.png
data/eclipses/SE2027Aug02T.png
data/eclipses/SE2027Feb06A.png
data/eclipses/SE2028Jan26A.png
data/eclipses/SE2028Jul22T.png
data/eclipses/SE2030Jun01A.png
data/eclipses/SE2030Nov25T.png
data/eclipses/solar-00.txt
data/eclipses/solar-01.txt
data/eclipses/solar01.txt
data/eclipses/solar-02.txt
data/eclipses/solar02.txt
data/eclipses/solar-03.txt
data/eclipses/solar03.txt
data/eclipses/solar-04.txt
data/eclipses/solar04.txt
data/eclipses/solar-05.txt
data/eclipses/solar05.txt
data/eclipses/solar-06.txt
data/eclipses/solar06.txt
data/eclipses/solar-07.txt
data/eclipses/solar07.txt
data/eclipses/solar-08.txt
data/eclipses/solar08.txt
data/eclipses/solar-09.txt
data/eclipses/solar09.txt
data/eclipses/solar-10.txt
data/eclipses/solar10.txt
data/eclipses/solar-11.txt
data/eclipses/solar11.txt
data/eclipses/solar-12.txt
data/eclipses/solar12.txt
data/eclipses/solar-13.txt
data/eclipses/solar13.txt
data/eclipses/solar-14.txt
data/eclipses/solar14.txt
data/eclipses/solar-15.txt
data/eclipses/solar15.txt
data/eclipses/solar-16.txt
data/eclipses/solar16.txt
data/eclipses/solar-17.txt
data/eclipses/solar17.txt
data/eclipses/solar-18.txt
data/eclipses/solar18.txt
data/eclipses/solar-19.txt
data/eclipses/solar19.txt
data/eclipses/solar20.txt
data/eclipses/solar21.txt
data/eclipses/solar22.txt
data/eclipses/solar23.txt
data/eclipses/solar24.txt
data/eclipses/solar25.txt
data/eclipses/solar26.txt
data/eclipses/solar27.txt
data/eclipses/solar28.txt
data/eclipses/solar29.txt
data/eclipses/solar30.txt
data/horizon
data/horizon/horizon_Geneve.txt
data/language
data/language/lclstrconsts.ca.po
data/language/lclstrconsts.de.po
data/language/lclstrconsts.es.po
data/language/lclstrconsts.fi.po
data/language/lclstrconsts.fr.po
data/language/lclstrconsts.id.po
data/language/lclstrconsts.it.po
data/language/lclstrconsts.lt.po
data/language/lclstrconsts.nl.po
data/language/lclstrconsts.pb.po
data/language/lclstrconsts.pliso.po
data/language/lclstrconsts.pl.po
data/language/lclstrconsts.plwin.po
data/language/lclstrconsts.po
data/language/lclstrconsts.ru.po
data/language/lclstrconsts.ua.po
data/language/lclstrconsts.zh-cn.po
data/language/skychart.ca.po
data/language/skychart.cs.po
data/language/skychart.de.po
data/language/skychart.en.po
data/language/skychart.es.po
data/language/skychart.fr.po
data/language/skychart.it.po
data/language/skychart.lang
data/language/skychart.nl.po
data/language/skychart.pl.po
data/language/skychart.pt.po
data/language/skychart.ru.po
data/language/skychart.ua.po
data/pictures
data/planet
data/planet/jupiter-0.jpg
data/planet/jupiter.jpg
data/planet/mars.jpg
data/planet/mercury.jpg
data/planet/moon.jpg
data/planet/neptune.jpg
data/planet/pluto.jpg
data/planet/saturn.jpg
data/planet/saturn_ring.jpg
data/planet/sun.jpg
data/planet/uranus.jpg
data/planet/venus.jpg
data/planet/xplanet.config
data/sample
data/sample/Cometsample.dat
data/sample/country.dat
data/sample/MPCsample.dat
data/sample/us.dat
data/sample/world.dat
data/Themes
data/Themes/default
data/Themes/default/arrow.bmp
data/Themes/default/compass.bmp
data/Themes/default/icon_blue
data/Themes/default/icon_blue/a1.bmp
data/Themes/default/icon_blue/b1.bmp
data/Themes/default/icon_blue/b2.bmp
data/Themes/default/icon_blue/i0.bmp
data/Themes/default/icon_blue/i10.bmp
data/Themes/default/icon_blue/i11.bmp
data/Themes/default/icon_blue/i12.bmp
data/Themes/default/icon_blue/i13.bmp
data/Themes/default/icon_blue/i14.bmp
data/Themes/default/icon_blue/i15.bmp
data/Themes/default/icon_blue/i16.bmp
data/Themes/default/icon_blue/i17.bmp
data/Themes/default/icon_blue/i18.bmp
data/Themes/default/icon_blue/i19.bmp
data/Themes/default/icon_blue/i1.bmp
data/Themes/default/icon_blue/i20.bmp
data/Themes/default/icon_blue/i21.bmp
data/Themes/default/icon_blue/i22.bmp
data/Themes/default/icon_blue/i23.bmp
data/Themes/default/icon_blue/i24.bmp
data/Themes/default/icon_blue/i25.bmp
data/Themes/default/icon_blue/i26.bmp
data/Themes/default/icon_blue/i27.bmp
data/Themes/default/icon_blue/i28.bmp
data/Themes/default/icon_blue/i29.bmp
data/Themes/default/icon_blue/i2.bmp
data/Themes/default/icon_blue/i30.bmp
data/Themes/default/icon_blue/i31.bmp
data/Themes/default/icon_blue/i32.bmp
data/Themes/default/icon_blue/i33.bmp
data/Themes/default/icon_blue/i34.bmp
data/Themes/default/icon_blue/i35.bmp
data/Themes/default/icon_blue/i36.bmp
data/Themes/default/icon_blue/i37.bmp
data/Themes/default/icon_blue/i38.bmp
data/Themes/default/icon_blue/i39.bmp
data/Themes/default/icon_blue/i3.bmp
data/Themes/default/icon_blue/i40.bmp
data/Themes/default/icon_blue/i41.bmp
data/Themes/default/icon_blue/i42.bmp
data/Themes/default/icon_blue/i43.bmp
data/Themes/default/icon_blue/i44.bmp
data/Themes/default/icon_blue/i45.bmp
data/Themes/default/icon_blue/i46.bmp
data/Themes/default/icon_blue/i47.bmp
data/Themes/default/icon_blue/i48.bmp
data/Themes/default/icon_blue/i49.bmp
data/Themes/default/icon_blue/i4.bmp
data/Themes/default/icon_blue/i50.bmp
data/Themes/default/icon_blue/i51.bmp
data/Themes/default/icon_blue/i52.bmp
data/Themes/default/icon_blue/i53.bmp
data/Themes/default/icon_blue/i54.bmp
data/Themes/default/icon_blue/i55.bmp
data/Themes/default/icon_blue/i56.bmp
data/Themes/default/icon_blue/i57.bmp
data/Themes/default/icon_blue/i58.bmp
data/Themes/default/icon_blue/i59.bmp
data/Themes/default/icon_blue/i5.bmp
data/Themes/default/icon_blue/i60.bmp
data/Themes/default/icon_blue/i61.bmp
data/Themes/default/icon_blue/i62.bmp
data/Themes/default/icon_blue/i63.bmp
data/Themes/default/icon_blue/i64.bmp
data/Themes/default/icon_blue/i65.bmp
data/Themes/default/icon_blue/i66.bmp
data/Themes/default/icon_blue/i67.bmp
data/Themes/default/icon_blue/i68.bmp
data/Themes/default/icon_blue/i69.bmp
data/Themes/default/icon_blue/i6.bmp
data/Themes/default/icon_blue/i70.bmp
data/Themes/default/icon_blue/i71.bmp
data/Themes/default/icon_blue/i72.bmp
data/Themes/default/icon_blue/i73.bmp
data/Themes/default/icon_blue/i74.bmp
data/Themes/default/icon_blue/i75.bmp
data/Themes/default/icon_blue/i76.bmp
data/Themes/default/icon_blue/i77.bmp
data/Themes/default/icon_blue/i78.bmp
data/Themes/default/icon_blue/i79.bmp
data/Themes/default/icon_blue/i7.bmp
data/Themes/default/icon_blue/i80.bmp
data/Themes/default/icon_blue/i81.bmp
data/Themes/default/icon_blue/i82.bmp
data/Themes/default/icon_blue/i83.bmp
data/Themes/default/icon_blue/i84.bmp
data/Themes/default/icon_blue/i85.bmp
data/Themes/default/icon_blue/i86.bmp
data/Themes/default/icon_blue/i87.bmp
data/Themes/default/icon_blue/i8.bmp
data/Themes/default/icon_blue/i9.bmp
data/Themes/default/icon_color
data/Themes/default/icon_color/a1.bmp
data/Themes/default/icon_color/b1.bmp
data/Themes/default/icon_color/b2.bmp
data/Themes/default/icon_color/i0.bmp
data/Themes/default/icon_color/i10.bmp
data/Themes/default/icon_color/i11.bmp
data/Themes/default/icon_color/i12.bmp
data/Themes/default/icon_color/i13.bmp
data/Themes/default/icon_color/i14.bmp
data/Themes/default/icon_color/i15.bmp
data/Themes/default/icon_color/i16.bmp
data/Themes/default/icon_color/i17.bmp
data/Themes/default/icon_color/i18.bmp
data/Themes/default/icon_color/i19.bmp
data/Themes/default/icon_color/i1.bmp
data/Themes/default/icon_color/i20.bmp
data/Themes/default/icon_color/i21.bmp
data/Themes/default/icon_color/i22.bmp
data/Themes/default/icon_color/i23.bmp
data/Themes/default/icon_color/i24.bmp
data/Themes/default/icon_color/i25.bmp
data/Themes/default/icon_color/i26.bmp
data/Themes/default/icon_color/i27.bmp
data/Themes/default/icon_color/i28.bmp
data/Themes/default/icon_color/i29.bmp
data/Themes/default/icon_color/i2.bmp
data/Themes/default/icon_color/i30.bmp
data/Themes/default/icon_color/i31.bmp
data/Themes/default/icon_color/i32.bmp
data/Themes/default/icon_color/i33.bmp
data/Themes/default/icon_color/i34.bmp
data/Themes/default/icon_color/i35.bmp
data/Themes/default/icon_color/i36.bmp
data/Themes/default/icon_color/i37.bmp
data/Themes/default/icon_color/i38.bmp
data/Themes/default/icon_color/i39.bmp
data/Themes/default/icon_color/i3.bmp
data/Themes/default/icon_color/i40.bmp
data/Themes/default/icon_color/i41.bmp
data/Themes/default/icon_color/i42.bmp
data/Themes/default/icon_color/i43.bmp
data/Themes/default/icon_color/i44.bmp
data/Themes/default/icon_color/i45.bmp
data/Themes/default/icon_color/i46.bmp
data/Themes/default/icon_color/i47.bmp
data/Themes/default/icon_color/i48.bmp
data/Themes/default/icon_color/i49.bmp
data/Themes/default/icon_color/i4.bmp
data/Themes/default/icon_color/i50.bmp
data/Themes/default/icon_color/i51.bmp
data/Themes/default/icon_color/i52.bmp
data/Themes/default/icon_color/i53.bmp
data/Themes/default/icon_color/i54.bmp
data/Themes/default/icon_color/i55.bmp
data/Themes/default/icon_color/i56.bmp
data/Themes/default/icon_color/i57.bmp
data/Themes/default/icon_color/i58.bmp
data/Themes/default/icon_color/i59.bmp
data/Themes/default/icon_color/i5.bmp
data/Themes/default/icon_color/i60.bmp
data/Themes/default/icon_color/i61.bmp
data/Themes/default/icon_color/i62.bmp
data/Themes/default/icon_color/i63.bmp
data/Themes/default/icon_color/i64.bmp
data/Themes/default/icon_color/i65.bmp
data/Themes/default/icon_color/i66.bmp
data/Themes/default/icon_color/i67.bmp
data/Themes/default/icon_color/i68.bmp
data/Themes/default/icon_color/i69.bmp
data/Themes/default/icon_color/i6.bmp
data/Themes/default/icon_color/i70.bmp
data/Themes/default/icon_color/i71.bmp
data/Themes/default/icon_color/i72.bmp
data/Themes/default/icon_color/i73.bmp
data/Themes/default/icon_color/i74.bmp
data/Themes/default/icon_color/i75.bmp
data/Themes/default/icon_color/i76.bmp
data/Themes/default/icon_color/i77.bmp
data/Themes/default/icon_color/i78.bmp
data/Themes/default/icon_color/i79.bmp
data/Themes/default/icon_color/i7.bmp
data/Themes/default/icon_color/i80.bmp
data/Themes/default/icon_color/i81.bmp
data/Themes/default/icon_color/i82.bmp
data/Themes/default/icon_color/i83.bmp
data/Themes/default/icon_color/i84.bmp
data/Themes/default/icon_color/i85.bmp
data/Themes/default/icon_color/i86.bmp
data/Themes/default/icon_color/i87.bmp
data/Themes/default/icon_color/i8.bmp
data/Themes/default/icon_color/i9.bmp
data/Themes/default/icon_green
data/Themes/default/icon_green/a1.bmp
data/Themes/default/icon_green/b1.bmp
data/Themes/default/icon_green/b2.bmp
data/Themes/default/icon_green/i0.bmp
data/Themes/default/icon_green/i10.bmp
data/Themes/default/icon_green/i11.bmp
data/Themes/default/icon_green/i12.bmp
data/Themes/default/icon_green/i13.bmp
data/Themes/default/icon_green/i14.bmp
data/Themes/default/icon_green/i15.bmp
data/Themes/default/icon_green/i16.bmp
data/Themes/default/icon_green/i17.bmp
data/Themes/default/icon_green/i18.bmp
data/Themes/default/icon_green/i19.bmp
data/Themes/default/icon_green/i1.bmp
data/Themes/default/icon_green/i20.bmp
data/Themes/default/icon_green/i21.bmp
data/Themes/default/icon_green/i22.bmp
data/Themes/default/icon_green/i23.bmp
data/Themes/default/icon_green/i24.bmp
data/Themes/default/icon_green/i25.bmp
data/Themes/default/icon_green/i26.bmp
data/Themes/default/icon_green/i27.bmp
data/Themes/default/icon_green/i28.bmp
data/Themes/default/icon_green/i29.bmp
data/Themes/default/icon_green/i2.bmp
data/Themes/default/icon_green/i30.bmp
data/Themes/default/icon_green/i31.bmp
data/Themes/default/icon_green/i32.bmp
data/Themes/default/icon_green/i33.bmp
data/Themes/default/icon_green/i34.bmp
data/Themes/default/icon_green/i35.bmp
data/Themes/default/icon_green/i36.bmp
data/Themes/default/icon_green/i37.bmp
data/Themes/default/icon_green/i38.bmp
data/Themes/default/icon_green/i39.bmp
data/Themes/default/icon_green/i3.bmp
data/Themes/default/icon_green/i40.bmp
data/Themes/default/icon_green/i41.bmp
data/Themes/default/icon_green/i42.bmp
data/Themes/default/icon_green/i43.bmp
data/Themes/default/icon_green/i44.bmp
data/Themes/default/icon_green/i45.bmp
data/Themes/default/icon_green/i46.bmp
data/Themes/default/icon_green/i47.bmp
data/Themes/default/icon_green/i48.bmp
data/Themes/default/icon_green/i49.bmp
data/Themes/default/icon_green/i4.bmp
data/Themes/default/icon_green/i50.bmp
data/Themes/default/icon_green/i51.bmp
data/Themes/default/icon_green/i52.bmp
data/Themes/default/icon_green/i53.bmp
data/Themes/default/icon_green/i54.bmp
data/Themes/default/icon_green/i55.bmp
data/Themes/default/icon_green/i56.bmp
data/Themes/default/icon_green/i57.bmp
data/Themes/default/icon_green/i58.bmp
data/Themes/default/icon_green/i59.bmp
data/Themes/default/icon_green/i5.bmp
data/Themes/default/icon_green/i60.bmp
data/Themes/default/icon_green/i61.bmp
data/Themes/default/icon_green/i62.bmp
data/Themes/default/icon_green/i63.bmp
data/Themes/default/icon_green/i64.bmp
data/Themes/default/icon_green/i65.bmp
data/Themes/default/icon_green/i66.bmp
data/Themes/default/icon_green/i67.bmp
data/Themes/default/icon_green/i68.bmp
data/Themes/default/icon_green/i69.bmp
data/Themes/default/icon_green/i6.bmp
data/Themes/default/icon_green/i70.bmp
data/Themes/default/icon_green/i71.bmp
data/Themes/default/icon_green/i72.bmp
data/Themes/default/icon_green/i73.bmp
data/Themes/default/icon_green/i74.bmp
data/Themes/default/icon_green/i75.bmp
data/Themes/default/icon_green/i76.bmp
data/Themes/default/icon_green/i77.bmp
data/Themes/default/icon_green/i78.bmp
data/Themes/default/icon_green/i79.bmp
data/Themes/default/icon_green/i7.bmp
data/Themes/default/icon_green/i80.bmp
data/Themes/default/icon_green/i81.bmp
data/Themes/default/icon_green/i82.bmp
data/Themes/default/icon_green/i83.bmp
data/Themes/default/icon_green/i84.bmp
data/Themes/default/icon_green/i85.bmp
data/Themes/default/icon_green/i86.bmp
data/Themes/default/icon_green/i87.bmp
data/Themes/default/icon_green/i8.bmp
data/Themes/default/icon_green/i9.bmp
data/Themes/default/icon_red
data/Themes/default/icon_red/a1.bmp
data/Themes/default/icon_red/b1.bmp
data/Themes/default/icon_red/b2.bmp
data/Themes/default/icon_red/i0.bmp
data/Themes/default/icon_red/i10.bmp
data/Themes/default/icon_red/i11.bmp
data/Themes/default/icon_red/i12.bmp
data/Themes/default/icon_red/i13.bmp
data/Themes/default/icon_red/i14.bmp
data/Themes/default/icon_red/i15.bmp
data/Themes/default/icon_red/i16.bmp
data/Themes/default/icon_red/i17.bmp
data/Themes/default/icon_red/i18.bmp
data/Themes/default/icon_red/i19.bmp
data/Themes/default/icon_red/i1.bmp
data/Themes/default/icon_red/i20.bmp
data/Themes/default/icon_red/i21.bmp
data/Themes/default/icon_red/i22.bmp
data/Themes/default/icon_red/i23.bmp
data/Themes/default/icon_red/i24.bmp
data/Themes/default/icon_red/i25.bmp
data/Themes/default/icon_red/i26.bmp
data/Themes/default/icon_red/i27.bmp
data/Themes/default/icon_red/i28.bmp
data/Themes/default/icon_red/i29.bmp
data/Themes/default/icon_red/i2.bmp
data/Themes/default/icon_red/i30.bmp
data/Themes/default/icon_red/i31.bmp
data/Themes/default/icon_red/i32.bmp
data/Themes/default/icon_red/i33.bmp
data/Themes/default/icon_red/i34.bmp
data/Themes/default/icon_red/i35.bmp
data/Themes/default/icon_red/i36.bmp
data/Themes/default/icon_red/i37.bmp
data/Themes/default/icon_red/i38.bmp
data/Themes/default/icon_red/i39.bmp
data/Themes/default/icon_red/i3.bmp
data/Themes/default/icon_red/i40.bmp
data/Themes/default/icon_red/i41.bmp
data/Themes/default/icon_red/i42.bmp
data/Themes/default/icon_red/i43.bmp
data/Themes/default/icon_red/i44.bmp
data/Themes/default/icon_red/i45.bmp
data/Themes/default/icon_red/i46.bmp
data/Themes/default/icon_red/i47.bmp
data/Themes/default/icon_red/i48.bmp
data/Themes/default/icon_red/i49.bmp
data/Themes/default/icon_red/i4.bmp
data/Themes/default/icon_red/i50.bmp
data/Themes/default/icon_red/i51.bmp
data/Themes/default/icon_red/i52.bmp
data/Themes/default/icon_red/i53.bmp
data/Themes/default/icon_red/i54.bmp
data/Themes/default/icon_red/i55.bmp
data/Themes/default/icon_red/i56.bmp
data/Themes/default/icon_red/i57.bmp
data/Themes/default/icon_red/i58.bmp
data/Themes/default/icon_red/i59.bmp
data/Themes/default/icon_red/i5.bmp
data/Themes/default/icon_red/i60.bmp
data/Themes/default/icon_red/i61.bmp
data/Themes/default/icon_red/i62.bmp
data/Themes/default/icon_red/i63.bmp
data/Themes/default/icon_red/i64.bmp
data/Themes/default/icon_red/i65.bmp
data/Themes/default/icon_red/i66.bmp
data/Themes/default/icon_red/i67.bmp
data/Themes/default/icon_red/i68.bmp
data/Themes/default/icon_red/i69.bmp
data/Themes/default/icon_red/i6.bmp
data/Themes/default/icon_red/i70.bmp
data/Themes/default/icon_red/i71.bmp
data/Themes/default/icon_red/i72.bmp
data/Themes/default/icon_red/i73.bmp
data/Themes/default/icon_red/i74.bmp
data/Themes/default/icon_red/i75.bmp
data/Themes/default/icon_red/i76.bmp
data/Themes/default/icon_red/i77.bmp
data/Themes/default/icon_red/i78.bmp
data/Themes/default/icon_red/i79.bmp
data/Themes/default/icon_red/i7.bmp
data/Themes/default/icon_red/i80.bmp
data/Themes/default/icon_red/i81.bmp
data/Themes/default/icon_red/i82.bmp
data/Themes/default/icon_red/i83.bmp
data/Themes/default/icon_red/i84.bmp
data/Themes/default/icon_red/i85.bmp
data/Themes/default/icon_red/i86.bmp
data/Themes/default/icon_red/i87.bmp
data/Themes/default/icon_red/i8.bmp
data/Themes/default/icon_red/i9.bmp
data/Themes/default/retic.cur
