data
data/common_names
data/common_names/NebulaNames.txt
data/common_names/NebulaNames_is.txt
data/common_names/NebulaNames_zh_CN.txt
data/common_names/StarsNames_is.txt
data/common_names/StarsNames_ru.txt
data/common_names/StarsNames.txt
data/common_names/StarsNames_uk.txt
data/common_names/StarsNames_zh_CN.txt
data/constellation
data/constellation/constb.cby
data/constellation/constlabel.cla
data/constellation/constlabel_de.cla
data/constellation/constlabel_el.cla
data/constellation/constlabel_es.cla
data/constellation/constlabel_fr.cla
data/constellation/constlabel_hr.cla
data/constellation/constlabel_hu.cla
data/constellation/constlabel_is.cla
data/constellation/constlabel_it.cla
data/constellation/constlabel_nl.cla
data/constellation/constlabel_no.cla
data/constellation/constlabel_pl.cla
data/constellation/constlabel_pt.cla
data/constellation/constlabel_ru.cla
data/constellation/constlabel_sl.cla
data/constellation/constlabel_sv.cla
data/constellation/constlabel_th.cla
data/constellation/constlabel_uk.cla
data/constellation/constlabel_zh.cla
data/constellation/constlabel_zh_CN.cla
data/constellation/constlabel_zh_TW.cla
data/constellation/AstronomyMag-ConstL.cln
data/constellation/DefaultConstL.cln
data/constellation/DefaultConstLCoord.cln
data/constellation/IAU_ConstL.cln
data/constellation/ReyConstL.cln
data/constellation/ReyConstLCoord.cln
data/constellation/TirionConstL.cln
data/constellation/TirionConstLCoord.cln
data/deltat
data/deltat/deltat.txt
data/earthmap
data/earthmap/earthmap1k.jpg
data/earthmap/earthmap4k.jpg
data/eclipses
data/eclipses/lunar-00.txt
data/eclipses/lunar-01.txt
data/eclipses/lunar01.txt
data/eclipses/lunar-02.txt
data/eclipses/lunar02.txt
data/eclipses/lunar-03.txt
data/eclipses/lunar03.txt
data/eclipses/lunar-04.txt
data/eclipses/lunar04.txt
data/eclipses/lunar-05.txt
data/eclipses/lunar05.txt
data/eclipses/lunar-06.txt
data/eclipses/lunar06.txt
data/eclipses/lunar-07.txt
data/eclipses/lunar07.txt
data/eclipses/lunar-08.txt
data/eclipses/lunar08.txt
data/eclipses/lunar-09.txt
data/eclipses/lunar09.txt
data/eclipses/lunar-10.txt
data/eclipses/lunar10.txt
data/eclipses/lunar-11.txt
data/eclipses/lunar11.txt
data/eclipses/lunar-12.txt
data/eclipses/lunar12.txt
data/eclipses/lunar-13.txt
data/eclipses/lunar13.txt
data/eclipses/lunar-14.txt
data/eclipses/lunar14.txt
data/eclipses/lunar-15.txt
data/eclipses/lunar15.txt
data/eclipses/lunar-16.txt
data/eclipses/lunar16.txt
data/eclipses/lunar-17.txt
data/eclipses/lunar17.txt
data/eclipses/lunar-18.txt
data/eclipses/lunar18.txt
data/eclipses/lunar-19.txt
data/eclipses/lunar19.txt
data/eclipses/lunar20.txt
data/eclipses/lunar21.txt
data/eclipses/lunar22.txt
data/eclipses/lunar23.txt
data/eclipses/lunar24.txt
data/eclipses/lunar25.txt
data/eclipses/lunar26.txt
data/eclipses/lunar27.txt
data/eclipses/lunar28.txt
data/eclipses/lunar29.txt
data/eclipses/lunar30.txt
data/eclipses/SE1991Jan15A.png
data/eclipses/SE1991Jul11T.png
data/eclipses/SE1992Dec24P.png
data/eclipses/SE1992Jan04A.png
data/eclipses/SE1992Jun30T.png
data/eclipses/SE1993May21P.png
data/eclipses/SE1993Nov13P.png
data/eclipses/SE1994May10A.png
data/eclipses/SE1994Nov03T.png
data/eclipses/SE1995Apr29A.png
data/eclipses/SE1995Oct24T.png
data/eclipses/SE1996Apr17P.png
data/eclipses/SE1996Oct12P.png
data/eclipses/SE1997Mar09T.png
data/eclipses/SE1997Sep02P.png
data/eclipses/SE1998Aug22A.png
data/eclipses/SE1998Feb26T.png
data/eclipses/SE1999Aug11T.png
data/eclipses/SE1999Feb16A.png
data/eclipses/SE2000Dec25P.png
data/eclipses/SE2000Feb05P.png
data/eclipses/SE2000Jul01P.png
data/eclipses/SE2000Jul31P.png
data/eclipses/SE2001Dec14A.png
data/eclipses/SE2001Jun21T.png
data/eclipses/SE2002Dec04T.png
data/eclipses/SE2002Jun10A.png
data/eclipses/SE2003May31A.png
data/eclipses/SE2003Nov23T.png
data/eclipses/SE2004Apr19P.png
data/eclipses/SE2004Oct14P.png
data/eclipses/SE2005Apr08H.png
data/eclipses/SE2005Oct03A.png
data/eclipses/SE2006Mar29T.png
data/eclipses/SE2006Sep22A.png
data/eclipses/SE2007Mar19P.png
data/eclipses/SE2007Sep11P.png
data/eclipses/SE2008Aug01T.png
data/eclipses/SE2008Feb07A.png
data/eclipses/SE2009Jan26A.png
data/eclipses/SE2009Jul22T.png
data/eclipses/SE2010Jan15A.png
data/eclipses/SE2010Jul11T.png
data/eclipses/SE2011Jan04P.png
data/eclipses/SE2011Jul01P.png
data/eclipses/SE2011Jun01P.png
data/eclipses/SE2011Nov25P.png
data/eclipses/SE2012May20A.png
data/eclipses/SE2012Nov13T.png
data/eclipses/SE2013May10A.png
data/eclipses/SE2013Nov03H.png
data/eclipses/SE2014Apr29A.png
data/eclipses/SE2014Oct23P.png
data/eclipses/SE2015Mar20T.png
data/eclipses/SE2015Sep13P.png
data/eclipses/SE2016Mar09T.png
data/eclipses/SE2016Sep01A.png
data/eclipses/SE2017Aug21T.png
data/eclipses/SE2017Feb26A.png
data/eclipses/SE2018Aug11P.png
data/eclipses/SE2018Feb15P.png
data/eclipses/SE2018Jul13P.png
data/eclipses/SE2019Dec26A.png
data/eclipses/SE2019Jan06P.png
data/eclipses/SE2019Jul02T.png
data/eclipses/SE2020Dec14T.png
data/eclipses/SE2020Jun21A.png
data/eclipses/SE2021Dec04T.png
data/eclipses/SE2021Jun10A.png
data/eclipses/SE2022Apr30P.png
data/eclipses/SE2022Oct25P.png
data/eclipses/SE2023Apr20H.png
data/eclipses/SE2023Oct14A.png
data/eclipses/SE2024Apr08T.png
data/eclipses/SE2024Oct02A.png
data/eclipses/SE2026Aug12T.png
data/eclipses/SE2026Feb17A.png
data/eclipses/SE2027Aug02T.png
data/eclipses/SE2027Feb06A.png
data/eclipses/SE2028Jan26A.png
data/eclipses/SE2028Jul22T.png
data/eclipses/SE2030Jun01A.png
data/eclipses/SE2030Nov25T.png
data/eclipses/solar-00.txt
data/eclipses/solar-01.txt
data/eclipses/solar01.txt
data/eclipses/solar-02.txt
data/eclipses/solar02.txt
data/eclipses/solar-03.txt
data/eclipses/solar03.txt
data/eclipses/solar-04.txt
data/eclipses/solar04.txt
data/eclipses/solar-05.txt
data/eclipses/solar05.txt
data/eclipses/solar-06.txt
data/eclipses/solar06.txt
data/eclipses/solar-07.txt
data/eclipses/solar07.txt
data/eclipses/solar-08.txt
data/eclipses/solar08.txt
data/eclipses/solar-09.txt
data/eclipses/solar09.txt
data/eclipses/solar-10.txt
data/eclipses/solar10.txt
data/eclipses/solar-11.txt
data/eclipses/solar11.txt
data/eclipses/solar-12.txt
data/eclipses/solar12.txt
data/eclipses/solar-13.txt
data/eclipses/solar13.txt
data/eclipses/solar-14.txt
data/eclipses/solar14.txt
data/eclipses/solar-15.txt
data/eclipses/solar15.txt
data/eclipses/solar-16.txt
data/eclipses/solar16.txt
data/eclipses/solar-17.txt
data/eclipses/solar17.txt
data/eclipses/solar-18.txt
data/eclipses/solar18.txt
data/eclipses/solar-19.txt
data/eclipses/solar19.txt
data/eclipses/solar20.txt
data/eclipses/solar21.txt
data/eclipses/solar22.txt
data/eclipses/solar23.txt
data/eclipses/solar24.txt
data/eclipses/solar25.txt
data/eclipses/solar26.txt
data/eclipses/solar27.txt
data/eclipses/solar28.txt
data/eclipses/solar29.txt
data/eclipses/solar30.txt
data/horizon
data/horizon/horizon_Geneve.txt
data/indi/drivers.xml
data/indi/readme.txt
data/language
data/language/lclstrconsts.ca.po
data/language/lclstrconsts.cs.po
data/language/lclstrconsts.de.po
data/language/lclstrconsts.el.po
data/language/lclstrconsts.en.po
data/language/lclstrconsts.es.po
data/language/lclstrconsts.fi.po
data/language/lclstrconsts.fr.po
data/language/lclstrconsts.he.po
data/language/lclstrconsts.id.po
data/language/lclstrconsts.is.po
data/language/lclstrconsts.it.po
data/language/lclstrconsts.lt.po
data/language/lclstrconsts.nl.po
data/language/lclstrconsts.no.po
data/language/lclstrconsts.oc.po
data/language/lclstrconsts.pb.po
data/language/lclstrconsts.pliso.po
data/language/lclstrconsts.pl.po
data/language/lclstrconsts.plwin.po
data/language/lclstrconsts.po
data/language/lclstrconsts.pt_BR.po
data/language/lclstrconsts.pt.po
data/language/lclstrconsts.ru.po
data/language/lclstrconsts.sk.po
data/language/lclstrconsts.tr.po
data/language/lclstrconsts.uk.po
data/language/lclstrconsts.zh-cn.po
data/language/lclstrconsts.zh_CN.po
data/language/lclstrconsts.zh.po
data/language/skychart.ca.po
data/language/skychart.cs.po
data/language/skychart.de.po
data/language/skychart.el.po
data/language/skychart.en.po
data/language/skychart.es.po
data/language/skychart.fa.po
data/language/skychart.fr.po
data/language/skychart.hr.po
data/language/skychart.hu.po
data/language/skychart.is.po
data/language/skychart.it.po
data/language/skychart.ja.po
data/language/skychart.ku.po
data/language/skychart.lang
data/language/skychart.ml.po
data/language/skychart.mr.po
data/language/skychart.nl.po
data/language/skychart.nb.po
data/language/skychart.no.po
data/language/skychart.oc.po
data/language/skychart.pl.po
data/language/skychart.pt.po
data/language/skychart.pt_BR.po
data/language/skychart.ru.po
data/language/skychart.sc.po
data/language/skychart.si.po
data/language/skychart.sk.po
data/language/skychart.sl.po
data/language/skychart.sv.po
data/language/skychart.th.po
data/language/skychart.tr.po
data/language/skychart.uk.po
data/language/skychart.zh.po
data/language/skychart.zh_TW.po
data/language/skychart.zh_CN.po
data/milkyway
data/milkyway/milkyway.dat
data/pictures
data/planet
data/planet/sun.jpg
data/planet/sun-0.jpg
data/planet/mercury.jpg
data/planet/venus.jpg
data/planet/earth.jpg
data/planet/moon.jpg
data/planet/mars.jpg
data/planet/jupiter.jpg
data/planet/saturn.jpg
data/planet/saturn_ring.jpg
data/planet/uranus.jpg
data/planet/neptune.jpg
data/planet/pluto.jpg
data/planet/charon.jpg
data/planet/callisto.jpg
data/planet/europa.jpg
data/planet/ganymede.jpg
data/planet/io.jpg
data/planet/amalthea.jpg
data/planet/ariel.jpg
data/planet/deimos.jpg
data/planet/dione.jpg
data/planet/enceladus.jpg
data/planet/epimetheus.jpg
data/planet/hyperion.jpg
data/planet/iapetus.jpg
data/planet/janus.jpg
data/planet/mimas.jpg
data/planet/miranda.jpg
data/planet/oberon.jpg
data/planet/phobos.jpg
data/planet/phoebe.jpg
data/planet/prometheus.jpg
data/planet/proteus.jpg
data/planet/rhea.jpg
data/planet/tethys.jpg
data/planet/titania.jpg
data/planet/titan.jpg
data/planet/triton.jpg
data/planet/umbriel.jpg
data/planet/xplanet.config
data/planet/xplanet2.config
data/planet/xplanet3.config
data/planet/FreeMonoBold.ttf
data/planet/symbol1.png
data/planet/symbol2.png
data/planet/symbol4.png
data/planet/symbol5.png
data/planet/symbol6.png
data/planet/symbol7.png
data/planet/symbol8.png
data/planet/symbol9.png
data/planet/symbol10.png
data/planet/symbol11.png
data/sample
data/sample/d2k.hdr
data/sample/d2k.info2
data/sample/d2k.prj
data/sample/ds2000.cdc3
data/sample/Cometsample.dat
data/sample/country.dat
data/sample/MPCsample.dat
data/sample/us.dat
data/sample/world.dat
data/sample/aavsoeasy.dat
data/script/LocationTime.cdcps
data/script/ObserverTool.cdcps
data/script/PHDguiding.cdcps
data/script/SolarSystem.cdcps
data/script/Planisphere.cdcps
data/stars
data/stars/PhotoBW.bmp
data/stars/PhotoColor.bmp
data/stars/PhotoHighColor.bmp
data/stars/PhotoPastel.bmp
data/stars/StarsBW.bmp
data/stars/StarsColor.bmp
data/stars/StarsHighColor.bmp
data/stars/StarsPastel.bmp
data/Themes
data/Themes/default
data/Themes/default/arrow.bmp
data/Themes/default/compass.bmp
data/Themes/default/starshape.bmp
data/Themes/default/retic.cur
data/Themes/default/daylight
data/Themes/default/daylight/16x16
data/Themes/default/daylight/16x16/i0.png
data/Themes/default/daylight/16x16/i100.png
data/Themes/default/daylight/16x16/i101.png
data/Themes/default/daylight/16x16/i102.png
data/Themes/default/daylight/16x16/i103.png
data/Themes/default/daylight/16x16/i104.png
data/Themes/default/daylight/16x16/i105.png
data/Themes/default/daylight/16x16/i106.png
data/Themes/default/daylight/16x16/i107.png
data/Themes/default/daylight/16x16/i108.png
data/Themes/default/daylight/16x16/i109.png
data/Themes/default/daylight/16x16/i10.png
data/Themes/default/daylight/16x16/i110.png
data/Themes/default/daylight/16x16/i111.png
data/Themes/default/daylight/16x16/i112.png
data/Themes/default/daylight/16x16/i113.png
data/Themes/default/daylight/16x16/i114.png
data/Themes/default/daylight/16x16/i115.png
data/Themes/default/daylight/16x16/i116.png
data/Themes/default/daylight/16x16/i117.png
data/Themes/default/daylight/16x16/i118.png
data/Themes/default/daylight/16x16/i119.png
data/Themes/default/daylight/16x16/i11.png
data/Themes/default/daylight/16x16/i120.png
data/Themes/default/daylight/16x16/i121.png
data/Themes/default/daylight/16x16/i122.png
data/Themes/default/daylight/16x16/i123.png
data/Themes/default/daylight/16x16/i124.png
data/Themes/default/daylight/16x16/i125.png
data/Themes/default/daylight/16x16/i12.png
data/Themes/default/daylight/16x16/i13.png
data/Themes/default/daylight/16x16/i14.png
data/Themes/default/daylight/16x16/i15.png
data/Themes/default/daylight/16x16/i16.png
data/Themes/default/daylight/16x16/i17.png
data/Themes/default/daylight/16x16/i18.png
data/Themes/default/daylight/16x16/i19.png
data/Themes/default/daylight/16x16/i1.png
data/Themes/default/daylight/16x16/i20.png
data/Themes/default/daylight/16x16/i21.png
data/Themes/default/daylight/16x16/i22.png
data/Themes/default/daylight/16x16/i23.png
data/Themes/default/daylight/16x16/i24.png
data/Themes/default/daylight/16x16/i25.png
data/Themes/default/daylight/16x16/i26.png
data/Themes/default/daylight/16x16/i27.png
data/Themes/default/daylight/16x16/i28.png
data/Themes/default/daylight/16x16/i29.png
data/Themes/default/daylight/16x16/i2.png
data/Themes/default/daylight/16x16/i30.png
data/Themes/default/daylight/16x16/i31.png
data/Themes/default/daylight/16x16/i32.png
data/Themes/default/daylight/16x16/i33.png
data/Themes/default/daylight/16x16/i34.png
data/Themes/default/daylight/16x16/i35.png
data/Themes/default/daylight/16x16/i36.png
data/Themes/default/daylight/16x16/i37.png
data/Themes/default/daylight/16x16/i38.png
data/Themes/default/daylight/16x16/i39.png
data/Themes/default/daylight/16x16/i3.png
data/Themes/default/daylight/16x16/i40.png
data/Themes/default/daylight/16x16/i41.png
data/Themes/default/daylight/16x16/i42.png
data/Themes/default/daylight/16x16/i43.png
data/Themes/default/daylight/16x16/i44.png
data/Themes/default/daylight/16x16/i45.png
data/Themes/default/daylight/16x16/i46.png
data/Themes/default/daylight/16x16/i47.png
data/Themes/default/daylight/16x16/i48.png
data/Themes/default/daylight/16x16/i49.png
data/Themes/default/daylight/16x16/i4.png
data/Themes/default/daylight/16x16/i50.png
data/Themes/default/daylight/16x16/i51.png
data/Themes/default/daylight/16x16/i52.png
data/Themes/default/daylight/16x16/i53.png
data/Themes/default/daylight/16x16/i54.png
data/Themes/default/daylight/16x16/i55.png
data/Themes/default/daylight/16x16/i56.png
data/Themes/default/daylight/16x16/i57.png
data/Themes/default/daylight/16x16/i58.png
data/Themes/default/daylight/16x16/i59.png
data/Themes/default/daylight/16x16/i5.png
data/Themes/default/daylight/16x16/i60.png
data/Themes/default/daylight/16x16/i61.png
data/Themes/default/daylight/16x16/i62.png
data/Themes/default/daylight/16x16/i63.png
data/Themes/default/daylight/16x16/i64.png
data/Themes/default/daylight/16x16/i65.png
data/Themes/default/daylight/16x16/i66.png
data/Themes/default/daylight/16x16/i67.png
data/Themes/default/daylight/16x16/i68.png
data/Themes/default/daylight/16x16/i69.png
data/Themes/default/daylight/16x16/i6.png
data/Themes/default/daylight/16x16/i70.png
data/Themes/default/daylight/16x16/i71.png
data/Themes/default/daylight/16x16/i72.png
data/Themes/default/daylight/16x16/i73.png
data/Themes/default/daylight/16x16/i74.png
data/Themes/default/daylight/16x16/i75.png
data/Themes/default/daylight/16x16/i76.png
data/Themes/default/daylight/16x16/i77.png
data/Themes/default/daylight/16x16/i78.png
data/Themes/default/daylight/16x16/i79.png
data/Themes/default/daylight/16x16/i7.png
data/Themes/default/daylight/16x16/i80.png
data/Themes/default/daylight/16x16/i81.png
data/Themes/default/daylight/16x16/i82.png
data/Themes/default/daylight/16x16/i83.png
data/Themes/default/daylight/16x16/i84.png
data/Themes/default/daylight/16x16/i85.png
data/Themes/default/daylight/16x16/i86.png
data/Themes/default/daylight/16x16/i87.png
data/Themes/default/daylight/16x16/i88.png
data/Themes/default/daylight/16x16/i89.png
data/Themes/default/daylight/16x16/i8.png
data/Themes/default/daylight/16x16/i90.png
data/Themes/default/daylight/16x16/i91.png
data/Themes/default/daylight/16x16/i92.png
data/Themes/default/daylight/16x16/i93.png
data/Themes/default/daylight/16x16/i94.png
data/Themes/default/daylight/16x16/i95.png
data/Themes/default/daylight/16x16/i96.png
data/Themes/default/daylight/16x16/i97.png
data/Themes/default/daylight/16x16/i98.png
data/Themes/default/daylight/16x16/i99.png
data/Themes/default/daylight/16x16/i9.png
data/Themes/default/daylight/22x22
data/Themes/default/daylight/22x22/i0.png
data/Themes/default/daylight/22x22/i100.png
data/Themes/default/daylight/22x22/i101.png
data/Themes/default/daylight/22x22/i102.png
data/Themes/default/daylight/22x22/i103.png
data/Themes/default/daylight/22x22/i104.png
data/Themes/default/daylight/22x22/i105.png
data/Themes/default/daylight/22x22/i106.png
data/Themes/default/daylight/22x22/i107.png
data/Themes/default/daylight/22x22/i108.png
data/Themes/default/daylight/22x22/i109.png
data/Themes/default/daylight/22x22/i10.png
data/Themes/default/daylight/22x22/i110.png
data/Themes/default/daylight/22x22/i111.png
data/Themes/default/daylight/22x22/i112.png
data/Themes/default/daylight/22x22/i113.png
data/Themes/default/daylight/22x22/i114.png
data/Themes/default/daylight/22x22/i115.png
data/Themes/default/daylight/22x22/i116.png
data/Themes/default/daylight/22x22/i117.png
data/Themes/default/daylight/22x22/i118.png
data/Themes/default/daylight/22x22/i119.png
data/Themes/default/daylight/22x22/i11.png
data/Themes/default/daylight/22x22/i120.png
data/Themes/default/daylight/22x22/i121.png
data/Themes/default/daylight/22x22/i122.png
data/Themes/default/daylight/22x22/i123.png
data/Themes/default/daylight/22x22/i124.png
data/Themes/default/daylight/22x22/i125.png
data/Themes/default/daylight/22x22/i12.png
data/Themes/default/daylight/22x22/i13.png
data/Themes/default/daylight/22x22/i14.png
data/Themes/default/daylight/22x22/i15.png
data/Themes/default/daylight/22x22/i16.png
data/Themes/default/daylight/22x22/i17.png
data/Themes/default/daylight/22x22/i18.png
data/Themes/default/daylight/22x22/i19.png
data/Themes/default/daylight/22x22/i1.png
data/Themes/default/daylight/22x22/i20.png
data/Themes/default/daylight/22x22/i21.png
data/Themes/default/daylight/22x22/i22.png
data/Themes/default/daylight/22x22/i23.png
data/Themes/default/daylight/22x22/i24.png
data/Themes/default/daylight/22x22/i25.png
data/Themes/default/daylight/22x22/i26.png
data/Themes/default/daylight/22x22/i27.png
data/Themes/default/daylight/22x22/i28.png
data/Themes/default/daylight/22x22/i29.png
data/Themes/default/daylight/22x22/i2.png
data/Themes/default/daylight/22x22/i30.png
data/Themes/default/daylight/22x22/i31.png
data/Themes/default/daylight/22x22/i32.png
data/Themes/default/daylight/22x22/i33.png
data/Themes/default/daylight/22x22/i34.png
data/Themes/default/daylight/22x22/i35.png
data/Themes/default/daylight/22x22/i36.png
data/Themes/default/daylight/22x22/i37.png
data/Themes/default/daylight/22x22/i38.png
data/Themes/default/daylight/22x22/i39.png
data/Themes/default/daylight/22x22/i3.png
data/Themes/default/daylight/22x22/i40.png
data/Themes/default/daylight/22x22/i41.png
data/Themes/default/daylight/22x22/i42.png
data/Themes/default/daylight/22x22/i43.png
data/Themes/default/daylight/22x22/i44.png
data/Themes/default/daylight/22x22/i45.png
data/Themes/default/daylight/22x22/i46.png
data/Themes/default/daylight/22x22/i47.png
data/Themes/default/daylight/22x22/i48.png
data/Themes/default/daylight/22x22/i49.png
data/Themes/default/daylight/22x22/i4.png
data/Themes/default/daylight/22x22/i50.png
data/Themes/default/daylight/22x22/i51.png
data/Themes/default/daylight/22x22/i52.png
data/Themes/default/daylight/22x22/i53.png
data/Themes/default/daylight/22x22/i54.png
data/Themes/default/daylight/22x22/i55.png
data/Themes/default/daylight/22x22/i56.png
data/Themes/default/daylight/22x22/i57.png
data/Themes/default/daylight/22x22/i58.png
data/Themes/default/daylight/22x22/i59.png
data/Themes/default/daylight/22x22/i5.png
data/Themes/default/daylight/22x22/i60.png
data/Themes/default/daylight/22x22/i61.png
data/Themes/default/daylight/22x22/i62.png
data/Themes/default/daylight/22x22/i63.png
data/Themes/default/daylight/22x22/i64.png
data/Themes/default/daylight/22x22/i65.png
data/Themes/default/daylight/22x22/i66.png
data/Themes/default/daylight/22x22/i67.png
data/Themes/default/daylight/22x22/i68.png
data/Themes/default/daylight/22x22/i69.png
data/Themes/default/daylight/22x22/i6.png
data/Themes/default/daylight/22x22/i70.png
data/Themes/default/daylight/22x22/i71.png
data/Themes/default/daylight/22x22/i72.png
data/Themes/default/daylight/22x22/i73.png
data/Themes/default/daylight/22x22/i74.png
data/Themes/default/daylight/22x22/i75.png
data/Themes/default/daylight/22x22/i76.png
data/Themes/default/daylight/22x22/i77.png
data/Themes/default/daylight/22x22/i78.png
data/Themes/default/daylight/22x22/i79.png
data/Themes/default/daylight/22x22/i7.png
data/Themes/default/daylight/22x22/i80.png
data/Themes/default/daylight/22x22/i81.png
data/Themes/default/daylight/22x22/i82.png
data/Themes/default/daylight/22x22/i83.png
data/Themes/default/daylight/22x22/i84.png
data/Themes/default/daylight/22x22/i85.png
data/Themes/default/daylight/22x22/i86.png
data/Themes/default/daylight/22x22/i87.png
data/Themes/default/daylight/22x22/i88.png
data/Themes/default/daylight/22x22/i89.png
data/Themes/default/daylight/22x22/i8.png
data/Themes/default/daylight/22x22/i90.png
data/Themes/default/daylight/22x22/i91.png
data/Themes/default/daylight/22x22/i92.png
data/Themes/default/daylight/22x22/i93.png
data/Themes/default/daylight/22x22/i94.png
data/Themes/default/daylight/22x22/i95.png
data/Themes/default/daylight/22x22/i96.png
data/Themes/default/daylight/22x22/i97.png
data/Themes/default/daylight/22x22/i98.png
data/Themes/default/daylight/22x22/i99.png
data/Themes/default/daylight/22x22/i9.png
data/Themes/default/daylight/32x32
data/Themes/default/daylight/32x32/i0.png
data/Themes/default/daylight/32x32/i100.png
data/Themes/default/daylight/32x32/i101.png
data/Themes/default/daylight/32x32/i102.png
data/Themes/default/daylight/32x32/i103.png
data/Themes/default/daylight/32x32/i104.png
data/Themes/default/daylight/32x32/i105.png
data/Themes/default/daylight/32x32/i106.png
data/Themes/default/daylight/32x32/i107.png
data/Themes/default/daylight/32x32/i108.png
data/Themes/default/daylight/32x32/i109.png
data/Themes/default/daylight/32x32/i10.png
data/Themes/default/daylight/32x32/i110.png
data/Themes/default/daylight/32x32/i111.png
data/Themes/default/daylight/32x32/i112.png
data/Themes/default/daylight/32x32/i113.png
data/Themes/default/daylight/32x32/i114.png
data/Themes/default/daylight/32x32/i115.png
data/Themes/default/daylight/32x32/i116.png
data/Themes/default/daylight/32x32/i117.png
data/Themes/default/daylight/32x32/i118.png
data/Themes/default/daylight/32x32/i119.png
data/Themes/default/daylight/32x32/i11.png
data/Themes/default/daylight/32x32/i120.png
data/Themes/default/daylight/32x32/i121.png
data/Themes/default/daylight/32x32/i122.png
data/Themes/default/daylight/32x32/i123.png
data/Themes/default/daylight/32x32/i124.png
data/Themes/default/daylight/32x32/i125.png
data/Themes/default/daylight/32x32/i12.png
data/Themes/default/daylight/32x32/i13.png
data/Themes/default/daylight/32x32/i14.png
data/Themes/default/daylight/32x32/i15.png
data/Themes/default/daylight/32x32/i16.png
data/Themes/default/daylight/32x32/i17.png
data/Themes/default/daylight/32x32/i18.png
data/Themes/default/daylight/32x32/i19.png
data/Themes/default/daylight/32x32/i1.png
data/Themes/default/daylight/32x32/i20.png
data/Themes/default/daylight/32x32/i21.png
data/Themes/default/daylight/32x32/i22.png
data/Themes/default/daylight/32x32/i23.png
data/Themes/default/daylight/32x32/i24.png
data/Themes/default/daylight/32x32/i25.png
data/Themes/default/daylight/32x32/i26.png
data/Themes/default/daylight/32x32/i27.png
data/Themes/default/daylight/32x32/i28.png
data/Themes/default/daylight/32x32/i29.png
data/Themes/default/daylight/32x32/i2.png
data/Themes/default/daylight/32x32/i30.png
data/Themes/default/daylight/32x32/i31.png
data/Themes/default/daylight/32x32/i32.png
data/Themes/default/daylight/32x32/i33.png
data/Themes/default/daylight/32x32/i34.png
data/Themes/default/daylight/32x32/i35.png
data/Themes/default/daylight/32x32/i36.png
data/Themes/default/daylight/32x32/i37.png
data/Themes/default/daylight/32x32/i38.png
data/Themes/default/daylight/32x32/i39.png
data/Themes/default/daylight/32x32/i3.png
data/Themes/default/daylight/32x32/i40.png
data/Themes/default/daylight/32x32/i41.png
data/Themes/default/daylight/32x32/i42.png
data/Themes/default/daylight/32x32/i43.png
data/Themes/default/daylight/32x32/i44.png
data/Themes/default/daylight/32x32/i45.png
data/Themes/default/daylight/32x32/i46.png
data/Themes/default/daylight/32x32/i47.png
data/Themes/default/daylight/32x32/i48.png
data/Themes/default/daylight/32x32/i49.png
data/Themes/default/daylight/32x32/i4.png
data/Themes/default/daylight/32x32/i50.png
data/Themes/default/daylight/32x32/i51.png
data/Themes/default/daylight/32x32/i52.png
data/Themes/default/daylight/32x32/i53.png
data/Themes/default/daylight/32x32/i54.png
data/Themes/default/daylight/32x32/i55.png
data/Themes/default/daylight/32x32/i56.png
data/Themes/default/daylight/32x32/i57.png
data/Themes/default/daylight/32x32/i58.png
data/Themes/default/daylight/32x32/i59.png
data/Themes/default/daylight/32x32/i5.png
data/Themes/default/daylight/32x32/i60.png
data/Themes/default/daylight/32x32/i61.png
data/Themes/default/daylight/32x32/i62.png
data/Themes/default/daylight/32x32/i63.png
data/Themes/default/daylight/32x32/i64.png
data/Themes/default/daylight/32x32/i65.png
data/Themes/default/daylight/32x32/i66.png
data/Themes/default/daylight/32x32/i67.png
data/Themes/default/daylight/32x32/i68.png
data/Themes/default/daylight/32x32/i69.png
data/Themes/default/daylight/32x32/i6.png
data/Themes/default/daylight/32x32/i70.png
data/Themes/default/daylight/32x32/i71.png
data/Themes/default/daylight/32x32/i72.png
data/Themes/default/daylight/32x32/i73.png
data/Themes/default/daylight/32x32/i74.png
data/Themes/default/daylight/32x32/i75.png
data/Themes/default/daylight/32x32/i76.png
data/Themes/default/daylight/32x32/i77.png
data/Themes/default/daylight/32x32/i78.png
data/Themes/default/daylight/32x32/i79.png
data/Themes/default/daylight/32x32/i7.png
data/Themes/default/daylight/32x32/i80.png
data/Themes/default/daylight/32x32/i81.png
data/Themes/default/daylight/32x32/i82.png
data/Themes/default/daylight/32x32/i83.png
data/Themes/default/daylight/32x32/i84.png
data/Themes/default/daylight/32x32/i85.png
data/Themes/default/daylight/32x32/i86.png
data/Themes/default/daylight/32x32/i87.png
data/Themes/default/daylight/32x32/i88.png
data/Themes/default/daylight/32x32/i89.png
data/Themes/default/daylight/32x32/i8.png
data/Themes/default/daylight/32x32/i90.png
data/Themes/default/daylight/32x32/i91.png
data/Themes/default/daylight/32x32/i92.png
data/Themes/default/daylight/32x32/i93.png
data/Themes/default/daylight/32x32/i94.png
data/Themes/default/daylight/32x32/i95.png
data/Themes/default/daylight/32x32/i96.png
data/Themes/default/daylight/32x32/i97.png
data/Themes/default/daylight/32x32/i98.png
data/Themes/default/daylight/32x32/i99.png
data/Themes/default/daylight/32x32/i9.png
data/Themes/default/night-vision
data/Themes/default/night-vision/16x16
data/Themes/default/night-vision/16x16/i0.png
data/Themes/default/night-vision/16x16/i100.png
data/Themes/default/night-vision/16x16/i101.png
data/Themes/default/night-vision/16x16/i102.png
data/Themes/default/night-vision/16x16/i103.png
data/Themes/default/night-vision/16x16/i104.png
data/Themes/default/night-vision/16x16/i105.png
data/Themes/default/night-vision/16x16/i106.png
data/Themes/default/night-vision/16x16/i107.png
data/Themes/default/night-vision/16x16/i108.png
data/Themes/default/night-vision/16x16/i109.png
data/Themes/default/night-vision/16x16/i10.png
data/Themes/default/night-vision/16x16/i110.png
data/Themes/default/night-vision/16x16/i111.png
data/Themes/default/night-vision/16x16/i112.png
data/Themes/default/night-vision/16x16/i113.png
data/Themes/default/night-vision/16x16/i114.png
data/Themes/default/night-vision/16x16/i115.png
data/Themes/default/night-vision/16x16/i116.png
data/Themes/default/night-vision/16x16/i117.png
data/Themes/default/night-vision/16x16/i118.png
data/Themes/default/night-vision/16x16/i119.png
data/Themes/default/night-vision/16x16/i11.png
data/Themes/default/night-vision/16x16/i120.png
data/Themes/default/night-vision/16x16/i121.png
data/Themes/default/night-vision/16x16/i122.png
data/Themes/default/night-vision/16x16/i123.png
data/Themes/default/night-vision/16x16/i124.png
data/Themes/default/night-vision/16x16/i125.png
data/Themes/default/night-vision/16x16/i12.png
data/Themes/default/night-vision/16x16/i13.png
data/Themes/default/night-vision/16x16/i14.png
data/Themes/default/night-vision/16x16/i15.png
data/Themes/default/night-vision/16x16/i16.png
data/Themes/default/night-vision/16x16/i17.png
data/Themes/default/night-vision/16x16/i18.png
data/Themes/default/night-vision/16x16/i19.png
data/Themes/default/night-vision/16x16/i1.png
data/Themes/default/night-vision/16x16/i20.png
data/Themes/default/night-vision/16x16/i21.png
data/Themes/default/night-vision/16x16/i22.png
data/Themes/default/night-vision/16x16/i23.png
data/Themes/default/night-vision/16x16/i24.png
data/Themes/default/night-vision/16x16/i25.png
data/Themes/default/night-vision/16x16/i26.png
data/Themes/default/night-vision/16x16/i27.png
data/Themes/default/night-vision/16x16/i28.png
data/Themes/default/night-vision/16x16/i29.png
data/Themes/default/night-vision/16x16/i2.png
data/Themes/default/night-vision/16x16/i30.png
data/Themes/default/night-vision/16x16/i31.png
data/Themes/default/night-vision/16x16/i32.png
data/Themes/default/night-vision/16x16/i33.png
data/Themes/default/night-vision/16x16/i34.png
data/Themes/default/night-vision/16x16/i35.png
data/Themes/default/night-vision/16x16/i36.png
data/Themes/default/night-vision/16x16/i37.png
data/Themes/default/night-vision/16x16/i38.png
data/Themes/default/night-vision/16x16/i39.png
data/Themes/default/night-vision/16x16/i3.png
data/Themes/default/night-vision/16x16/i40.png
data/Themes/default/night-vision/16x16/i41.png
data/Themes/default/night-vision/16x16/i42.png
data/Themes/default/night-vision/16x16/i43.png
data/Themes/default/night-vision/16x16/i44.png
data/Themes/default/night-vision/16x16/i45.png
data/Themes/default/night-vision/16x16/i46.png
data/Themes/default/night-vision/16x16/i47.png
data/Themes/default/night-vision/16x16/i48.png
data/Themes/default/night-vision/16x16/i49.png
data/Themes/default/night-vision/16x16/i4.png
data/Themes/default/night-vision/16x16/i50.png
data/Themes/default/night-vision/16x16/i51.png
data/Themes/default/night-vision/16x16/i52.png
data/Themes/default/night-vision/16x16/i53.png
data/Themes/default/night-vision/16x16/i54.png
data/Themes/default/night-vision/16x16/i55.png
data/Themes/default/night-vision/16x16/i56.png
data/Themes/default/night-vision/16x16/i57.png
data/Themes/default/night-vision/16x16/i58.png
data/Themes/default/night-vision/16x16/i59.png
data/Themes/default/night-vision/16x16/i5.png
data/Themes/default/night-vision/16x16/i60.png
data/Themes/default/night-vision/16x16/i61.png
data/Themes/default/night-vision/16x16/i62.png
data/Themes/default/night-vision/16x16/i63.png
data/Themes/default/night-vision/16x16/i64.png
data/Themes/default/night-vision/16x16/i65.png
data/Themes/default/night-vision/16x16/i66.png
data/Themes/default/night-vision/16x16/i67.png
data/Themes/default/night-vision/16x16/i68.png
data/Themes/default/night-vision/16x16/i69.png
data/Themes/default/night-vision/16x16/i6.png
data/Themes/default/night-vision/16x16/i70.png
data/Themes/default/night-vision/16x16/i71.png
data/Themes/default/night-vision/16x16/i72.png
data/Themes/default/night-vision/16x16/i73.png
data/Themes/default/night-vision/16x16/i74.png
data/Themes/default/night-vision/16x16/i75.png
data/Themes/default/night-vision/16x16/i76.png
data/Themes/default/night-vision/16x16/i77.png
data/Themes/default/night-vision/16x16/i78.png
data/Themes/default/night-vision/16x16/i79.png
data/Themes/default/night-vision/16x16/i7.png
data/Themes/default/night-vision/16x16/i80.png
data/Themes/default/night-vision/16x16/i81.png
data/Themes/default/night-vision/16x16/i82.png
data/Themes/default/night-vision/16x16/i83.png
data/Themes/default/night-vision/16x16/i84.png
data/Themes/default/night-vision/16x16/i85.png
data/Themes/default/night-vision/16x16/i86.png
data/Themes/default/night-vision/16x16/i87.png
data/Themes/default/night-vision/16x16/i88.png
data/Themes/default/night-vision/16x16/i89.png
data/Themes/default/night-vision/16x16/i8.png
data/Themes/default/night-vision/16x16/i90.png
data/Themes/default/night-vision/16x16/i91.png
data/Themes/default/night-vision/16x16/i92.png
data/Themes/default/night-vision/16x16/i93.png
data/Themes/default/night-vision/16x16/i94.png
data/Themes/default/night-vision/16x16/i95.png
data/Themes/default/night-vision/16x16/i96.png
data/Themes/default/night-vision/16x16/i97.png
data/Themes/default/night-vision/16x16/i98.png
data/Themes/default/night-vision/16x16/i99.png
data/Themes/default/night-vision/16x16/i9.png
data/Themes/default/night-vision/22x22
data/Themes/default/night-vision/22x22/i0.png
data/Themes/default/night-vision/22x22/i100.png
data/Themes/default/night-vision/22x22/i101.png
data/Themes/default/night-vision/22x22/i102.png
data/Themes/default/night-vision/22x22/i103.png
data/Themes/default/night-vision/22x22/i104.png
data/Themes/default/night-vision/22x22/i105.png
data/Themes/default/night-vision/22x22/i106.png
data/Themes/default/night-vision/22x22/i107.png
data/Themes/default/night-vision/22x22/i108.png
data/Themes/default/night-vision/22x22/i109.png
data/Themes/default/night-vision/22x22/i10.png
data/Themes/default/night-vision/22x22/i110.png
data/Themes/default/night-vision/22x22/i111.png
data/Themes/default/night-vision/22x22/i112.png
data/Themes/default/night-vision/22x22/i113.png
data/Themes/default/night-vision/22x22/i114.png
data/Themes/default/night-vision/22x22/i115.png
data/Themes/default/night-vision/22x22/i116.png
data/Themes/default/night-vision/22x22/i117.png
data/Themes/default/night-vision/22x22/i118.png
data/Themes/default/night-vision/22x22/i119.png
data/Themes/default/night-vision/22x22/i11.png
data/Themes/default/night-vision/22x22/i120.png
data/Themes/default/night-vision/22x22/i121.png
data/Themes/default/night-vision/22x22/i122.png
data/Themes/default/night-vision/22x22/i123.png
data/Themes/default/night-vision/22x22/i124.png
data/Themes/default/night-vision/22x22/i125.png
data/Themes/default/night-vision/22x22/i12.png
data/Themes/default/night-vision/22x22/i13.png
data/Themes/default/night-vision/22x22/i14.png
data/Themes/default/night-vision/22x22/i15.png
data/Themes/default/night-vision/22x22/i16.png
data/Themes/default/night-vision/22x22/i17.png
data/Themes/default/night-vision/22x22/i18.png
data/Themes/default/night-vision/22x22/i19.png
data/Themes/default/night-vision/22x22/i1.png
data/Themes/default/night-vision/22x22/i20.png
data/Themes/default/night-vision/22x22/i21.png
data/Themes/default/night-vision/22x22/i22.png
data/Themes/default/night-vision/22x22/i23.png
data/Themes/default/night-vision/22x22/i24.png
data/Themes/default/night-vision/22x22/i25.png
data/Themes/default/night-vision/22x22/i26.png
data/Themes/default/night-vision/22x22/i27.png
data/Themes/default/night-vision/22x22/i28.png
data/Themes/default/night-vision/22x22/i29.png
data/Themes/default/night-vision/22x22/i2.png
data/Themes/default/night-vision/22x22/i30.png
data/Themes/default/night-vision/22x22/i31.png
data/Themes/default/night-vision/22x22/i32.png
data/Themes/default/night-vision/22x22/i33.png
data/Themes/default/night-vision/22x22/i34.png
data/Themes/default/night-vision/22x22/i35.png
data/Themes/default/night-vision/22x22/i36.png
data/Themes/default/night-vision/22x22/i37.png
data/Themes/default/night-vision/22x22/i38.png
data/Themes/default/night-vision/22x22/i39.png
data/Themes/default/night-vision/22x22/i3.png
data/Themes/default/night-vision/22x22/i40.png
data/Themes/default/night-vision/22x22/i41.png
data/Themes/default/night-vision/22x22/i42.png
data/Themes/default/night-vision/22x22/i43.png
data/Themes/default/night-vision/22x22/i44.png
data/Themes/default/night-vision/22x22/i45.png
data/Themes/default/night-vision/22x22/i46.png
data/Themes/default/night-vision/22x22/i47.png
data/Themes/default/night-vision/22x22/i48.png
data/Themes/default/night-vision/22x22/i49.png
data/Themes/default/night-vision/22x22/i4.png
data/Themes/default/night-vision/22x22/i50.png
data/Themes/default/night-vision/22x22/i51.png
data/Themes/default/night-vision/22x22/i52.png
data/Themes/default/night-vision/22x22/i53.png
data/Themes/default/night-vision/22x22/i54.png
data/Themes/default/night-vision/22x22/i55.png
data/Themes/default/night-vision/22x22/i56.png
data/Themes/default/night-vision/22x22/i57.png
data/Themes/default/night-vision/22x22/i58.png
data/Themes/default/night-vision/22x22/i59.png
data/Themes/default/night-vision/22x22/i5.png
data/Themes/default/night-vision/22x22/i60.png
data/Themes/default/night-vision/22x22/i61.png
data/Themes/default/night-vision/22x22/i62.png
data/Themes/default/night-vision/22x22/i63.png
data/Themes/default/night-vision/22x22/i64.png
data/Themes/default/night-vision/22x22/i65.png
data/Themes/default/night-vision/22x22/i66.png
data/Themes/default/night-vision/22x22/i67.png
data/Themes/default/night-vision/22x22/i68.png
data/Themes/default/night-vision/22x22/i69.png
data/Themes/default/night-vision/22x22/i6.png
data/Themes/default/night-vision/22x22/i70.png
data/Themes/default/night-vision/22x22/i71.png
data/Themes/default/night-vision/22x22/i72.png
data/Themes/default/night-vision/22x22/i73.png
data/Themes/default/night-vision/22x22/i74.png
data/Themes/default/night-vision/22x22/i75.png
data/Themes/default/night-vision/22x22/i76.png
data/Themes/default/night-vision/22x22/i77.png
data/Themes/default/night-vision/22x22/i78.png
data/Themes/default/night-vision/22x22/i79.png
data/Themes/default/night-vision/22x22/i7.png
data/Themes/default/night-vision/22x22/i80.png
data/Themes/default/night-vision/22x22/i81.png
data/Themes/default/night-vision/22x22/i82.png
data/Themes/default/night-vision/22x22/i83.png
data/Themes/default/night-vision/22x22/i84.png
data/Themes/default/night-vision/22x22/i85.png
data/Themes/default/night-vision/22x22/i86.png
data/Themes/default/night-vision/22x22/i87.png
data/Themes/default/night-vision/22x22/i88.png
data/Themes/default/night-vision/22x22/i89.png
data/Themes/default/night-vision/22x22/i8.png
data/Themes/default/night-vision/22x22/i90.png
data/Themes/default/night-vision/22x22/i91.png
data/Themes/default/night-vision/22x22/i92.png
data/Themes/default/night-vision/22x22/i93.png
data/Themes/default/night-vision/22x22/i94.png
data/Themes/default/night-vision/22x22/i95.png
data/Themes/default/night-vision/22x22/i96.png
data/Themes/default/night-vision/22x22/i97.png
data/Themes/default/night-vision/22x22/i98.png
data/Themes/default/night-vision/22x22/i99.png
data/Themes/default/night-vision/22x22/i9.png
data/Themes/default/night-vision/32x32
data/Themes/default/night-vision/32x32/i0.png
data/Themes/default/night-vision/32x32/i100.png
data/Themes/default/night-vision/32x32/i101.png
data/Themes/default/night-vision/32x32/i102.png
data/Themes/default/night-vision/32x32/i103.png
data/Themes/default/night-vision/32x32/i104.png
data/Themes/default/night-vision/32x32/i105.png
data/Themes/default/night-vision/32x32/i106.png
data/Themes/default/night-vision/32x32/i107.png
data/Themes/default/night-vision/32x32/i108.png
data/Themes/default/night-vision/32x32/i109.png
data/Themes/default/night-vision/32x32/i10.png
data/Themes/default/night-vision/32x32/i110.png
data/Themes/default/night-vision/32x32/i111.png
data/Themes/default/night-vision/32x32/i112.png
data/Themes/default/night-vision/32x32/i113.png
data/Themes/default/night-vision/32x32/i114.png
data/Themes/default/night-vision/32x32/i115.png
data/Themes/default/night-vision/32x32/i116.png
data/Themes/default/night-vision/32x32/i117.png
data/Themes/default/night-vision/32x32/i118.png
data/Themes/default/night-vision/32x32/i119.png
data/Themes/default/night-vision/32x32/i11.png
data/Themes/default/night-vision/32x32/i120.png
data/Themes/default/night-vision/32x32/i121.png
data/Themes/default/night-vision/32x32/i122.png
data/Themes/default/night-vision/32x32/i123.png
data/Themes/default/night-vision/32x32/i124.png
data/Themes/default/night-vision/32x32/i125.png
data/Themes/default/night-vision/32x32/i12.png
data/Themes/default/night-vision/32x32/i13.png
data/Themes/default/night-vision/32x32/i14.png
data/Themes/default/night-vision/32x32/i15.png
data/Themes/default/night-vision/32x32/i16.png
data/Themes/default/night-vision/32x32/i17.png
data/Themes/default/night-vision/32x32/i18.png
data/Themes/default/night-vision/32x32/i19.png
data/Themes/default/night-vision/32x32/i1.png
data/Themes/default/night-vision/32x32/i20.png
data/Themes/default/night-vision/32x32/i21.png
data/Themes/default/night-vision/32x32/i22.png
data/Themes/default/night-vision/32x32/i23.png
data/Themes/default/night-vision/32x32/i24.png
data/Themes/default/night-vision/32x32/i25.png
data/Themes/default/night-vision/32x32/i26.png
data/Themes/default/night-vision/32x32/i27.png
data/Themes/default/night-vision/32x32/i28.png
data/Themes/default/night-vision/32x32/i29.png
data/Themes/default/night-vision/32x32/i2.png
data/Themes/default/night-vision/32x32/i30.png
data/Themes/default/night-vision/32x32/i31.png
data/Themes/default/night-vision/32x32/i32.png
data/Themes/default/night-vision/32x32/i33.png
data/Themes/default/night-vision/32x32/i34.png
data/Themes/default/night-vision/32x32/i35.png
data/Themes/default/night-vision/32x32/i36.png
data/Themes/default/night-vision/32x32/i37.png
data/Themes/default/night-vision/32x32/i38.png
data/Themes/default/night-vision/32x32/i39.png
data/Themes/default/night-vision/32x32/i3.png
data/Themes/default/night-vision/32x32/i40.png
data/Themes/default/night-vision/32x32/i41.png
data/Themes/default/night-vision/32x32/i42.png
data/Themes/default/night-vision/32x32/i43.png
data/Themes/default/night-vision/32x32/i44.png
data/Themes/default/night-vision/32x32/i45.png
data/Themes/default/night-vision/32x32/i46.png
data/Themes/default/night-vision/32x32/i47.png
data/Themes/default/night-vision/32x32/i48.png
data/Themes/default/night-vision/32x32/i49.png
data/Themes/default/night-vision/32x32/i4.png
data/Themes/default/night-vision/32x32/i50.png
data/Themes/default/night-vision/32x32/i51.png
data/Themes/default/night-vision/32x32/i52.png
data/Themes/default/night-vision/32x32/i53.png
data/Themes/default/night-vision/32x32/i54.png
data/Themes/default/night-vision/32x32/i55.png
data/Themes/default/night-vision/32x32/i56.png
data/Themes/default/night-vision/32x32/i57.png
data/Themes/default/night-vision/32x32/i58.png
data/Themes/default/night-vision/32x32/i59.png
data/Themes/default/night-vision/32x32/i5.png
data/Themes/default/night-vision/32x32/i60.png
data/Themes/default/night-vision/32x32/i61.png
data/Themes/default/night-vision/32x32/i62.png
data/Themes/default/night-vision/32x32/i63.png
data/Themes/default/night-vision/32x32/i64.png
data/Themes/default/night-vision/32x32/i65.png
data/Themes/default/night-vision/32x32/i66.png
data/Themes/default/night-vision/32x32/i67.png
data/Themes/default/night-vision/32x32/i68.png
data/Themes/default/night-vision/32x32/i69.png
data/Themes/default/night-vision/32x32/i6.png
data/Themes/default/night-vision/32x32/i70.png
data/Themes/default/night-vision/32x32/i71.png
data/Themes/default/night-vision/32x32/i72.png
data/Themes/default/night-vision/32x32/i73.png
data/Themes/default/night-vision/32x32/i74.png
data/Themes/default/night-vision/32x32/i75.png
data/Themes/default/night-vision/32x32/i76.png
data/Themes/default/night-vision/32x32/i77.png
data/Themes/default/night-vision/32x32/i78.png
data/Themes/default/night-vision/32x32/i79.png
data/Themes/default/night-vision/32x32/i7.png
data/Themes/default/night-vision/32x32/i80.png
data/Themes/default/night-vision/32x32/i81.png
data/Themes/default/night-vision/32x32/i82.png
data/Themes/default/night-vision/32x32/i83.png
data/Themes/default/night-vision/32x32/i84.png
data/Themes/default/night-vision/32x32/i85.png
data/Themes/default/night-vision/32x32/i86.png
data/Themes/default/night-vision/32x32/i87.png
data/Themes/default/night-vision/32x32/i88.png
data/Themes/default/night-vision/32x32/i89.png
data/Themes/default/night-vision/32x32/i8.png
data/Themes/default/night-vision/32x32/i90.png
data/Themes/default/night-vision/32x32/i91.png
data/Themes/default/night-vision/32x32/i92.png
data/Themes/default/night-vision/32x32/i93.png
data/Themes/default/night-vision/32x32/i94.png
data/Themes/default/night-vision/32x32/i95.png
data/Themes/default/night-vision/32x32/i96.png
data/Themes/default/night-vision/32x32/i97.png
data/Themes/default/night-vision/32x32/i98.png
data/Themes/default/night-vision/32x32/i99.png
data/Themes/default/night-vision/32x32/i9.png
data/Themes/old-ugly
data/Themes/old-ugly/arrow.bmp
data/Themes/old-ugly/compass.bmp
data/Themes/old-ugly/starshape.bmp
data/Themes/old-ugly/retic.cur
data/Themes/old-ugly/daylight
data/Themes/old-ugly/daylight/16x16
data/Themes/old-ugly/daylight/16x16/i0.png
data/Themes/old-ugly/daylight/16x16/i100.png
data/Themes/old-ugly/daylight/16x16/i101.png
data/Themes/old-ugly/daylight/16x16/i102.png
data/Themes/old-ugly/daylight/16x16/i103.png
data/Themes/old-ugly/daylight/16x16/i104.png
data/Themes/old-ugly/daylight/16x16/i105.png
data/Themes/old-ugly/daylight/16x16/i106.png
data/Themes/old-ugly/daylight/16x16/i107.png
data/Themes/old-ugly/daylight/16x16/i108.png
data/Themes/old-ugly/daylight/16x16/i109.png
data/Themes/old-ugly/daylight/16x16/i10.png
data/Themes/old-ugly/daylight/16x16/i110.png
data/Themes/old-ugly/daylight/16x16/i111.png
data/Themes/old-ugly/daylight/16x16/i112.png
data/Themes/old-ugly/daylight/16x16/i113.png
data/Themes/old-ugly/daylight/16x16/i114.png
data/Themes/old-ugly/daylight/16x16/i115.png
data/Themes/old-ugly/daylight/16x16/i116.png
data/Themes/old-ugly/daylight/16x16/i117.png
data/Themes/old-ugly/daylight/16x16/i118.png
data/Themes/old-ugly/daylight/16x16/i119.png
data/Themes/old-ugly/daylight/16x16/i11.png
data/Themes/old-ugly/daylight/16x16/i120.png
data/Themes/old-ugly/daylight/16x16/i121.png
data/Themes/old-ugly/daylight/16x16/i122.png
data/Themes/old-ugly/daylight/16x16/i12.png
data/Themes/old-ugly/daylight/16x16/i13.png
data/Themes/old-ugly/daylight/16x16/i14.png
data/Themes/old-ugly/daylight/16x16/i15.png
data/Themes/old-ugly/daylight/16x16/i16.png
data/Themes/old-ugly/daylight/16x16/i17.png
data/Themes/old-ugly/daylight/16x16/i18.png
data/Themes/old-ugly/daylight/16x16/i19.png
data/Themes/old-ugly/daylight/16x16/i1.png
data/Themes/old-ugly/daylight/16x16/i20.png
data/Themes/old-ugly/daylight/16x16/i21.png
data/Themes/old-ugly/daylight/16x16/i22.png
data/Themes/old-ugly/daylight/16x16/i23.png
data/Themes/old-ugly/daylight/16x16/i24.png
data/Themes/old-ugly/daylight/16x16/i25.png
data/Themes/old-ugly/daylight/16x16/i26.png
data/Themes/old-ugly/daylight/16x16/i27.png
data/Themes/old-ugly/daylight/16x16/i28.png
data/Themes/old-ugly/daylight/16x16/i29.png
data/Themes/old-ugly/daylight/16x16/i2.png
data/Themes/old-ugly/daylight/16x16/i30.png
data/Themes/old-ugly/daylight/16x16/i31.png
data/Themes/old-ugly/daylight/16x16/i32.png
data/Themes/old-ugly/daylight/16x16/i33.png
data/Themes/old-ugly/daylight/16x16/i34.png
data/Themes/old-ugly/daylight/16x16/i35.png
data/Themes/old-ugly/daylight/16x16/i36.png
data/Themes/old-ugly/daylight/16x16/i37.png
data/Themes/old-ugly/daylight/16x16/i38.png
data/Themes/old-ugly/daylight/16x16/i39.png
data/Themes/old-ugly/daylight/16x16/i3.png
data/Themes/old-ugly/daylight/16x16/i40.png
data/Themes/old-ugly/daylight/16x16/i41.png
data/Themes/old-ugly/daylight/16x16/i42.png
data/Themes/old-ugly/daylight/16x16/i43.png
data/Themes/old-ugly/daylight/16x16/i44.png
data/Themes/old-ugly/daylight/16x16/i45.png
data/Themes/old-ugly/daylight/16x16/i46.png
data/Themes/old-ugly/daylight/16x16/i47.png
data/Themes/old-ugly/daylight/16x16/i48.png
data/Themes/old-ugly/daylight/16x16/i49.png
data/Themes/old-ugly/daylight/16x16/i4.png
data/Themes/old-ugly/daylight/16x16/i50.png
data/Themes/old-ugly/daylight/16x16/i51.png
data/Themes/old-ugly/daylight/16x16/i52.png
data/Themes/old-ugly/daylight/16x16/i53.png
data/Themes/old-ugly/daylight/16x16/i54.png
data/Themes/old-ugly/daylight/16x16/i55.png
data/Themes/old-ugly/daylight/16x16/i56.png
data/Themes/old-ugly/daylight/16x16/i57.png
data/Themes/old-ugly/daylight/16x16/i58.png
data/Themes/old-ugly/daylight/16x16/i59.png
data/Themes/old-ugly/daylight/16x16/i5.png
data/Themes/old-ugly/daylight/16x16/i60.png
data/Themes/old-ugly/daylight/16x16/i61.png
data/Themes/old-ugly/daylight/16x16/i62.png
data/Themes/old-ugly/daylight/16x16/i63.png
data/Themes/old-ugly/daylight/16x16/i64.png
data/Themes/old-ugly/daylight/16x16/i65.png
data/Themes/old-ugly/daylight/16x16/i66.png
data/Themes/old-ugly/daylight/16x16/i67.png
data/Themes/old-ugly/daylight/16x16/i68.png
data/Themes/old-ugly/daylight/16x16/i69.png
data/Themes/old-ugly/daylight/16x16/i6.png
data/Themes/old-ugly/daylight/16x16/i70.png
data/Themes/old-ugly/daylight/16x16/i71.png
data/Themes/old-ugly/daylight/16x16/i72.png
data/Themes/old-ugly/daylight/16x16/i73.png
data/Themes/old-ugly/daylight/16x16/i74.png
data/Themes/old-ugly/daylight/16x16/i75.png
data/Themes/old-ugly/daylight/16x16/i76.png
data/Themes/old-ugly/daylight/16x16/i77.png
data/Themes/old-ugly/daylight/16x16/i78.png
data/Themes/old-ugly/daylight/16x16/i79.png
data/Themes/old-ugly/daylight/16x16/i7.png
data/Themes/old-ugly/daylight/16x16/i80.png
data/Themes/old-ugly/daylight/16x16/i81.png
data/Themes/old-ugly/daylight/16x16/i82.png
data/Themes/old-ugly/daylight/16x16/i83.png
data/Themes/old-ugly/daylight/16x16/i84.png
data/Themes/old-ugly/daylight/16x16/i85.png
data/Themes/old-ugly/daylight/16x16/i86.png
data/Themes/old-ugly/daylight/16x16/i87.png
data/Themes/old-ugly/daylight/16x16/i88.png
data/Themes/old-ugly/daylight/16x16/i89.png
data/Themes/old-ugly/daylight/16x16/i8.png
data/Themes/old-ugly/daylight/16x16/i90.png
data/Themes/old-ugly/daylight/16x16/i91.png
data/Themes/old-ugly/daylight/16x16/i92.png
data/Themes/old-ugly/daylight/16x16/i93.png
data/Themes/old-ugly/daylight/16x16/i94.png
data/Themes/old-ugly/daylight/16x16/i95.png
data/Themes/old-ugly/daylight/16x16/i96.png
data/Themes/old-ugly/daylight/16x16/i97.png
data/Themes/old-ugly/daylight/16x16/i98.png
data/Themes/old-ugly/daylight/16x16/i99.png
data/Themes/old-ugly/daylight/16x16/i9.png
data/Themes/old-ugly/daylight/22x22
data/Themes/old-ugly/daylight/22x22/i0.png
data/Themes/old-ugly/daylight/22x22/i100.png
data/Themes/old-ugly/daylight/22x22/i101.png
data/Themes/old-ugly/daylight/22x22/i102.png
data/Themes/old-ugly/daylight/22x22/i103.png
data/Themes/old-ugly/daylight/22x22/i104.png
data/Themes/old-ugly/daylight/22x22/i105.png
data/Themes/old-ugly/daylight/22x22/i106.png
data/Themes/old-ugly/daylight/22x22/i107.png
data/Themes/old-ugly/daylight/22x22/i108.png
data/Themes/old-ugly/daylight/22x22/i109.png
data/Themes/old-ugly/daylight/22x22/i10.png
data/Themes/old-ugly/daylight/22x22/i110.png
data/Themes/old-ugly/daylight/22x22/i111.png
data/Themes/old-ugly/daylight/22x22/i112.png
data/Themes/old-ugly/daylight/22x22/i113.png
data/Themes/old-ugly/daylight/22x22/i114.png
data/Themes/old-ugly/daylight/22x22/i115.png
data/Themes/old-ugly/daylight/22x22/i116.png
data/Themes/old-ugly/daylight/22x22/i117.png
data/Themes/old-ugly/daylight/22x22/i118.png
data/Themes/old-ugly/daylight/22x22/i119.png
data/Themes/old-ugly/daylight/22x22/i11.png
data/Themes/old-ugly/daylight/22x22/i120.png
data/Themes/old-ugly/daylight/22x22/i121.png
data/Themes/old-ugly/daylight/22x22/i122.png
data/Themes/old-ugly/daylight/22x22/i12.png
data/Themes/old-ugly/daylight/22x22/i13.png
data/Themes/old-ugly/daylight/22x22/i14.png
data/Themes/old-ugly/daylight/22x22/i15.png
data/Themes/old-ugly/daylight/22x22/i16.png
data/Themes/old-ugly/daylight/22x22/i17.png
data/Themes/old-ugly/daylight/22x22/i18.png
data/Themes/old-ugly/daylight/22x22/i19.png
data/Themes/old-ugly/daylight/22x22/i1.png
data/Themes/old-ugly/daylight/22x22/i20.png
data/Themes/old-ugly/daylight/22x22/i21.png
data/Themes/old-ugly/daylight/22x22/i22.png
data/Themes/old-ugly/daylight/22x22/i23.png
data/Themes/old-ugly/daylight/22x22/i24.png
data/Themes/old-ugly/daylight/22x22/i25.png
data/Themes/old-ugly/daylight/22x22/i26.png
data/Themes/old-ugly/daylight/22x22/i27.png
data/Themes/old-ugly/daylight/22x22/i28.png
data/Themes/old-ugly/daylight/22x22/i29.png
data/Themes/old-ugly/daylight/22x22/i2.png
data/Themes/old-ugly/daylight/22x22/i30.png
data/Themes/old-ugly/daylight/22x22/i31.png
data/Themes/old-ugly/daylight/22x22/i32.png
data/Themes/old-ugly/daylight/22x22/i33.png
data/Themes/old-ugly/daylight/22x22/i34.png
data/Themes/old-ugly/daylight/22x22/i35.png
data/Themes/old-ugly/daylight/22x22/i36.png
data/Themes/old-ugly/daylight/22x22/i37.png
data/Themes/old-ugly/daylight/22x22/i38.png
data/Themes/old-ugly/daylight/22x22/i39.png
data/Themes/old-ugly/daylight/22x22/i3.png
data/Themes/old-ugly/daylight/22x22/i40.png
data/Themes/old-ugly/daylight/22x22/i41.png
data/Themes/old-ugly/daylight/22x22/i42.png
data/Themes/old-ugly/daylight/22x22/i43.png
data/Themes/old-ugly/daylight/22x22/i44.png
data/Themes/old-ugly/daylight/22x22/i45.png
data/Themes/old-ugly/daylight/22x22/i46.png
data/Themes/old-ugly/daylight/22x22/i47.png
data/Themes/old-ugly/daylight/22x22/i48.png
data/Themes/old-ugly/daylight/22x22/i49.png
data/Themes/old-ugly/daylight/22x22/i4.png
data/Themes/old-ugly/daylight/22x22/i50.png
data/Themes/old-ugly/daylight/22x22/i51.png
data/Themes/old-ugly/daylight/22x22/i52.png
data/Themes/old-ugly/daylight/22x22/i53.png
data/Themes/old-ugly/daylight/22x22/i54.png
data/Themes/old-ugly/daylight/22x22/i55.png
data/Themes/old-ugly/daylight/22x22/i56.png
data/Themes/old-ugly/daylight/22x22/i57.png
data/Themes/old-ugly/daylight/22x22/i58.png
data/Themes/old-ugly/daylight/22x22/i59.png
data/Themes/old-ugly/daylight/22x22/i5.png
data/Themes/old-ugly/daylight/22x22/i60.png
data/Themes/old-ugly/daylight/22x22/i61.png
data/Themes/old-ugly/daylight/22x22/i62.png
data/Themes/old-ugly/daylight/22x22/i63.png
data/Themes/old-ugly/daylight/22x22/i64.png
data/Themes/old-ugly/daylight/22x22/i65.png
data/Themes/old-ugly/daylight/22x22/i66.png
data/Themes/old-ugly/daylight/22x22/i67.png
data/Themes/old-ugly/daylight/22x22/i68.png
data/Themes/old-ugly/daylight/22x22/i69.png
data/Themes/old-ugly/daylight/22x22/i6.png
data/Themes/old-ugly/daylight/22x22/i70.png
data/Themes/old-ugly/daylight/22x22/i71.png
data/Themes/old-ugly/daylight/22x22/i72.png
data/Themes/old-ugly/daylight/22x22/i73.png
data/Themes/old-ugly/daylight/22x22/i74.png
data/Themes/old-ugly/daylight/22x22/i75.png
data/Themes/old-ugly/daylight/22x22/i76.png
data/Themes/old-ugly/daylight/22x22/i77.png
data/Themes/old-ugly/daylight/22x22/i78.png
data/Themes/old-ugly/daylight/22x22/i79.png
data/Themes/old-ugly/daylight/22x22/i7.png
data/Themes/old-ugly/daylight/22x22/i80.png
data/Themes/old-ugly/daylight/22x22/i81.png
data/Themes/old-ugly/daylight/22x22/i82.png
data/Themes/old-ugly/daylight/22x22/i83.png
data/Themes/old-ugly/daylight/22x22/i84.png
data/Themes/old-ugly/daylight/22x22/i85.png
data/Themes/old-ugly/daylight/22x22/i86.png
data/Themes/old-ugly/daylight/22x22/i87.png
data/Themes/old-ugly/daylight/22x22/i88.png
data/Themes/old-ugly/daylight/22x22/i89.png
data/Themes/old-ugly/daylight/22x22/i8.png
data/Themes/old-ugly/daylight/22x22/i90.png
data/Themes/old-ugly/daylight/22x22/i91.png
data/Themes/old-ugly/daylight/22x22/i92.png
data/Themes/old-ugly/daylight/22x22/i93.png
data/Themes/old-ugly/daylight/22x22/i94.png
data/Themes/old-ugly/daylight/22x22/i95.png
data/Themes/old-ugly/daylight/22x22/i96.png
data/Themes/old-ugly/daylight/22x22/i97.png
data/Themes/old-ugly/daylight/22x22/i98.png
data/Themes/old-ugly/daylight/22x22/i99.png
data/Themes/old-ugly/daylight/22x22/i9.png
data/Themes/old-ugly/daylight/32x32
data/Themes/old-ugly/daylight/32x32/i0.png
data/Themes/old-ugly/daylight/32x32/i100.png
data/Themes/old-ugly/daylight/32x32/i101.png
data/Themes/old-ugly/daylight/32x32/i102.png
data/Themes/old-ugly/daylight/32x32/i103.png
data/Themes/old-ugly/daylight/32x32/i104.png
data/Themes/old-ugly/daylight/32x32/i105.png
data/Themes/old-ugly/daylight/32x32/i106.png
data/Themes/old-ugly/daylight/32x32/i107.png
data/Themes/old-ugly/daylight/32x32/i108.png
data/Themes/old-ugly/daylight/32x32/i109.png
data/Themes/old-ugly/daylight/32x32/i10.png
data/Themes/old-ugly/daylight/32x32/i110.png
data/Themes/old-ugly/daylight/32x32/i111.png
data/Themes/old-ugly/daylight/32x32/i112.png
data/Themes/old-ugly/daylight/32x32/i113.png
data/Themes/old-ugly/daylight/32x32/i114.png
data/Themes/old-ugly/daylight/32x32/i115.png
data/Themes/old-ugly/daylight/32x32/i116.png
data/Themes/old-ugly/daylight/32x32/i117.png
data/Themes/old-ugly/daylight/32x32/i118.png
data/Themes/old-ugly/daylight/32x32/i119.png
data/Themes/old-ugly/daylight/32x32/i11.png
data/Themes/old-ugly/daylight/32x32/i120.png
data/Themes/old-ugly/daylight/32x32/i121.png
data/Themes/old-ugly/daylight/32x32/i122.png
data/Themes/old-ugly/daylight/32x32/i12.png
data/Themes/old-ugly/daylight/32x32/i13.png
data/Themes/old-ugly/daylight/32x32/i14.png
data/Themes/old-ugly/daylight/32x32/i15.png
data/Themes/old-ugly/daylight/32x32/i16.png
data/Themes/old-ugly/daylight/32x32/i17.png
data/Themes/old-ugly/daylight/32x32/i18.png
data/Themes/old-ugly/daylight/32x32/i19.png
data/Themes/old-ugly/daylight/32x32/i1.png
data/Themes/old-ugly/daylight/32x32/i20.png
data/Themes/old-ugly/daylight/32x32/i21.png
data/Themes/old-ugly/daylight/32x32/i22.png
data/Themes/old-ugly/daylight/32x32/i23.png
data/Themes/old-ugly/daylight/32x32/i24.png
data/Themes/old-ugly/daylight/32x32/i25.png
data/Themes/old-ugly/daylight/32x32/i26.png
data/Themes/old-ugly/daylight/32x32/i27.png
data/Themes/old-ugly/daylight/32x32/i28.png
data/Themes/old-ugly/daylight/32x32/i29.png
data/Themes/old-ugly/daylight/32x32/i2.png
data/Themes/old-ugly/daylight/32x32/i30.png
data/Themes/old-ugly/daylight/32x32/i31.png
data/Themes/old-ugly/daylight/32x32/i32.png
data/Themes/old-ugly/daylight/32x32/i33.png
data/Themes/old-ugly/daylight/32x32/i34.png
data/Themes/old-ugly/daylight/32x32/i35.png
data/Themes/old-ugly/daylight/32x32/i36.png
data/Themes/old-ugly/daylight/32x32/i37.png
data/Themes/old-ugly/daylight/32x32/i38.png
data/Themes/old-ugly/daylight/32x32/i39.png
data/Themes/old-ugly/daylight/32x32/i3.png
data/Themes/old-ugly/daylight/32x32/i40.png
data/Themes/old-ugly/daylight/32x32/i41.png
data/Themes/old-ugly/daylight/32x32/i42.png
data/Themes/old-ugly/daylight/32x32/i43.png
data/Themes/old-ugly/daylight/32x32/i44.png
data/Themes/old-ugly/daylight/32x32/i45.png
data/Themes/old-ugly/daylight/32x32/i46.png
data/Themes/old-ugly/daylight/32x32/i47.png
data/Themes/old-ugly/daylight/32x32/i48.png
data/Themes/old-ugly/daylight/32x32/i49.png
data/Themes/old-ugly/daylight/32x32/i4.png
data/Themes/old-ugly/daylight/32x32/i50.png
data/Themes/old-ugly/daylight/32x32/i51.png
data/Themes/old-ugly/daylight/32x32/i52.png
data/Themes/old-ugly/daylight/32x32/i53.png
data/Themes/old-ugly/daylight/32x32/i54.png
data/Themes/old-ugly/daylight/32x32/i55.png
data/Themes/old-ugly/daylight/32x32/i56.png
data/Themes/old-ugly/daylight/32x32/i57.png
data/Themes/old-ugly/daylight/32x32/i58.png
data/Themes/old-ugly/daylight/32x32/i59.png
data/Themes/old-ugly/daylight/32x32/i5.png
data/Themes/old-ugly/daylight/32x32/i60.png
data/Themes/old-ugly/daylight/32x32/i61.png
data/Themes/old-ugly/daylight/32x32/i62.png
data/Themes/old-ugly/daylight/32x32/i63.png
data/Themes/old-ugly/daylight/32x32/i64.png
data/Themes/old-ugly/daylight/32x32/i65.png
data/Themes/old-ugly/daylight/32x32/i66.png
data/Themes/old-ugly/daylight/32x32/i67.png
data/Themes/old-ugly/daylight/32x32/i68.png
data/Themes/old-ugly/daylight/32x32/i69.png
data/Themes/old-ugly/daylight/32x32/i6.png
data/Themes/old-ugly/daylight/32x32/i70.png
data/Themes/old-ugly/daylight/32x32/i71.png
data/Themes/old-ugly/daylight/32x32/i72.png
data/Themes/old-ugly/daylight/32x32/i73.png
data/Themes/old-ugly/daylight/32x32/i74.png
data/Themes/old-ugly/daylight/32x32/i75.png
data/Themes/old-ugly/daylight/32x32/i76.png
data/Themes/old-ugly/daylight/32x32/i77.png
data/Themes/old-ugly/daylight/32x32/i78.png
data/Themes/old-ugly/daylight/32x32/i79.png
data/Themes/old-ugly/daylight/32x32/i7.png
data/Themes/old-ugly/daylight/32x32/i80.png
data/Themes/old-ugly/daylight/32x32/i81.png
data/Themes/old-ugly/daylight/32x32/i82.png
data/Themes/old-ugly/daylight/32x32/i83.png
data/Themes/old-ugly/daylight/32x32/i84.png
data/Themes/old-ugly/daylight/32x32/i85.png
data/Themes/old-ugly/daylight/32x32/i86.png
data/Themes/old-ugly/daylight/32x32/i87.png
data/Themes/old-ugly/daylight/32x32/i88.png
data/Themes/old-ugly/daylight/32x32/i89.png
data/Themes/old-ugly/daylight/32x32/i8.png
data/Themes/old-ugly/daylight/32x32/i90.png
data/Themes/old-ugly/daylight/32x32/i91.png
data/Themes/old-ugly/daylight/32x32/i92.png
data/Themes/old-ugly/daylight/32x32/i93.png
data/Themes/old-ugly/daylight/32x32/i94.png
data/Themes/old-ugly/daylight/32x32/i95.png
data/Themes/old-ugly/daylight/32x32/i96.png
data/Themes/old-ugly/daylight/32x32/i97.png
data/Themes/old-ugly/daylight/32x32/i98.png
data/Themes/old-ugly/daylight/32x32/i99.png
data/Themes/old-ugly/daylight/32x32/i9.png
data/Themes/old-ugly/night-vision
data/Themes/old-ugly/night-vision/16x16
data/Themes/old-ugly/night-vision/16x16/i0.png
data/Themes/old-ugly/night-vision/16x16/i100.png
data/Themes/old-ugly/night-vision/16x16/i101.png
data/Themes/old-ugly/night-vision/16x16/i102.png
data/Themes/old-ugly/night-vision/16x16/i103.png
data/Themes/old-ugly/night-vision/16x16/i104.png
data/Themes/old-ugly/night-vision/16x16/i105.png
data/Themes/old-ugly/night-vision/16x16/i106.png
data/Themes/old-ugly/night-vision/16x16/i107.png
data/Themes/old-ugly/night-vision/16x16/i108.png
data/Themes/old-ugly/night-vision/16x16/i109.png
data/Themes/old-ugly/night-vision/16x16/i10.png
data/Themes/old-ugly/night-vision/16x16/i110.png
data/Themes/old-ugly/night-vision/16x16/i111.png
data/Themes/old-ugly/night-vision/16x16/i112.png
data/Themes/old-ugly/night-vision/16x16/i113.png
data/Themes/old-ugly/night-vision/16x16/i114.png
data/Themes/old-ugly/night-vision/16x16/i115.png
data/Themes/old-ugly/night-vision/16x16/i116.png
data/Themes/old-ugly/night-vision/16x16/i117.png
data/Themes/old-ugly/night-vision/16x16/i118.png
data/Themes/old-ugly/night-vision/16x16/i119.png
data/Themes/old-ugly/night-vision/16x16/i11.png
data/Themes/old-ugly/night-vision/16x16/i120.png
data/Themes/old-ugly/night-vision/16x16/i121.png
data/Themes/old-ugly/night-vision/16x16/i122.png
data/Themes/old-ugly/night-vision/16x16/i12.png
data/Themes/old-ugly/night-vision/16x16/i13.png
data/Themes/old-ugly/night-vision/16x16/i14.png
data/Themes/old-ugly/night-vision/16x16/i15.png
data/Themes/old-ugly/night-vision/16x16/i16.png
data/Themes/old-ugly/night-vision/16x16/i17.png
data/Themes/old-ugly/night-vision/16x16/i18.png
data/Themes/old-ugly/night-vision/16x16/i19.png
data/Themes/old-ugly/night-vision/16x16/i1.png
data/Themes/old-ugly/night-vision/16x16/i20.png
data/Themes/old-ugly/night-vision/16x16/i21.png
data/Themes/old-ugly/night-vision/16x16/i22.png
data/Themes/old-ugly/night-vision/16x16/i23.png
data/Themes/old-ugly/night-vision/16x16/i24.png
data/Themes/old-ugly/night-vision/16x16/i25.png
data/Themes/old-ugly/night-vision/16x16/i26.png
data/Themes/old-ugly/night-vision/16x16/i27.png
data/Themes/old-ugly/night-vision/16x16/i28.png
data/Themes/old-ugly/night-vision/16x16/i29.png
data/Themes/old-ugly/night-vision/16x16/i2.png
data/Themes/old-ugly/night-vision/16x16/i30.png
data/Themes/old-ugly/night-vision/16x16/i31.png
data/Themes/old-ugly/night-vision/16x16/i32.png
data/Themes/old-ugly/night-vision/16x16/i33.png
data/Themes/old-ugly/night-vision/16x16/i34.png
data/Themes/old-ugly/night-vision/16x16/i35.png
data/Themes/old-ugly/night-vision/16x16/i36.png
data/Themes/old-ugly/night-vision/16x16/i37.png
data/Themes/old-ugly/night-vision/16x16/i38.png
data/Themes/old-ugly/night-vision/16x16/i39.png
data/Themes/old-ugly/night-vision/16x16/i3.png
data/Themes/old-ugly/night-vision/16x16/i40.png
data/Themes/old-ugly/night-vision/16x16/i41.png
data/Themes/old-ugly/night-vision/16x16/i42.png
data/Themes/old-ugly/night-vision/16x16/i43.png
data/Themes/old-ugly/night-vision/16x16/i44.png
data/Themes/old-ugly/night-vision/16x16/i45.png
data/Themes/old-ugly/night-vision/16x16/i46.png
data/Themes/old-ugly/night-vision/16x16/i47.png
data/Themes/old-ugly/night-vision/16x16/i48.png
data/Themes/old-ugly/night-vision/16x16/i49.png
data/Themes/old-ugly/night-vision/16x16/i4.png
data/Themes/old-ugly/night-vision/16x16/i50.png
data/Themes/old-ugly/night-vision/16x16/i51.png
data/Themes/old-ugly/night-vision/16x16/i52.png
data/Themes/old-ugly/night-vision/16x16/i53.png
data/Themes/old-ugly/night-vision/16x16/i54.png
data/Themes/old-ugly/night-vision/16x16/i55.png
data/Themes/old-ugly/night-vision/16x16/i56.png
data/Themes/old-ugly/night-vision/16x16/i57.png
data/Themes/old-ugly/night-vision/16x16/i58.png
data/Themes/old-ugly/night-vision/16x16/i59.png
data/Themes/old-ugly/night-vision/16x16/i5.png
data/Themes/old-ugly/night-vision/16x16/i60.png
data/Themes/old-ugly/night-vision/16x16/i61.png
data/Themes/old-ugly/night-vision/16x16/i62.png
data/Themes/old-ugly/night-vision/16x16/i63.png
data/Themes/old-ugly/night-vision/16x16/i64.png
data/Themes/old-ugly/night-vision/16x16/i65.png
data/Themes/old-ugly/night-vision/16x16/i66.png
data/Themes/old-ugly/night-vision/16x16/i67.png
data/Themes/old-ugly/night-vision/16x16/i68.png
data/Themes/old-ugly/night-vision/16x16/i69.png
data/Themes/old-ugly/night-vision/16x16/i6.png
data/Themes/old-ugly/night-vision/16x16/i70.png
data/Themes/old-ugly/night-vision/16x16/i71.png
data/Themes/old-ugly/night-vision/16x16/i72.png
data/Themes/old-ugly/night-vision/16x16/i73.png
data/Themes/old-ugly/night-vision/16x16/i74.png
data/Themes/old-ugly/night-vision/16x16/i75.png
data/Themes/old-ugly/night-vision/16x16/i76.png
data/Themes/old-ugly/night-vision/16x16/i77.png
data/Themes/old-ugly/night-vision/16x16/i78.png
data/Themes/old-ugly/night-vision/16x16/i79.png
data/Themes/old-ugly/night-vision/16x16/i7.png
data/Themes/old-ugly/night-vision/16x16/i80.png
data/Themes/old-ugly/night-vision/16x16/i81.png
data/Themes/old-ugly/night-vision/16x16/i82.png
data/Themes/old-ugly/night-vision/16x16/i83.png
data/Themes/old-ugly/night-vision/16x16/i84.png
data/Themes/old-ugly/night-vision/16x16/i85.png
data/Themes/old-ugly/night-vision/16x16/i86.png
data/Themes/old-ugly/night-vision/16x16/i87.png
data/Themes/old-ugly/night-vision/16x16/i88.png
data/Themes/old-ugly/night-vision/16x16/i89.png
data/Themes/old-ugly/night-vision/16x16/i8.png
data/Themes/old-ugly/night-vision/16x16/i90.png
data/Themes/old-ugly/night-vision/16x16/i91.png
data/Themes/old-ugly/night-vision/16x16/i92.png
data/Themes/old-ugly/night-vision/16x16/i93.png
data/Themes/old-ugly/night-vision/16x16/i94.png
data/Themes/old-ugly/night-vision/16x16/i95.png
data/Themes/old-ugly/night-vision/16x16/i96.png
data/Themes/old-ugly/night-vision/16x16/i97.png
data/Themes/old-ugly/night-vision/16x16/i98.png
data/Themes/old-ugly/night-vision/16x16/i99.png
data/Themes/old-ugly/night-vision/16x16/i9.png
data/Themes/old-ugly/night-vision/22x22
data/Themes/old-ugly/night-vision/22x22/i0.png
data/Themes/old-ugly/night-vision/22x22/i100.png
data/Themes/old-ugly/night-vision/22x22/i101.png
data/Themes/old-ugly/night-vision/22x22/i102.png
data/Themes/old-ugly/night-vision/22x22/i103.png
data/Themes/old-ugly/night-vision/22x22/i104.png
data/Themes/old-ugly/night-vision/22x22/i105.png
data/Themes/old-ugly/night-vision/22x22/i106.png
data/Themes/old-ugly/night-vision/22x22/i107.png
data/Themes/old-ugly/night-vision/22x22/i108.png
data/Themes/old-ugly/night-vision/22x22/i109.png
data/Themes/old-ugly/night-vision/22x22/i10.png
data/Themes/old-ugly/night-vision/22x22/i110.png
data/Themes/old-ugly/night-vision/22x22/i111.png
data/Themes/old-ugly/night-vision/22x22/i112.png
data/Themes/old-ugly/night-vision/22x22/i113.png
data/Themes/old-ugly/night-vision/22x22/i114.png
data/Themes/old-ugly/night-vision/22x22/i115.png
data/Themes/old-ugly/night-vision/22x22/i116.png
data/Themes/old-ugly/night-vision/22x22/i117.png
data/Themes/old-ugly/night-vision/22x22/i118.png
data/Themes/old-ugly/night-vision/22x22/i119.png
data/Themes/old-ugly/night-vision/22x22/i11.png
data/Themes/old-ugly/night-vision/22x22/i120.png
data/Themes/old-ugly/night-vision/22x22/i121.png
data/Themes/old-ugly/night-vision/22x22/i122.png
data/Themes/old-ugly/night-vision/22x22/i12.png
data/Themes/old-ugly/night-vision/22x22/i13.png
data/Themes/old-ugly/night-vision/22x22/i14.png
data/Themes/old-ugly/night-vision/22x22/i15.png
data/Themes/old-ugly/night-vision/22x22/i16.png
data/Themes/old-ugly/night-vision/22x22/i17.png
data/Themes/old-ugly/night-vision/22x22/i18.png
data/Themes/old-ugly/night-vision/22x22/i19.png
data/Themes/old-ugly/night-vision/22x22/i1.png
data/Themes/old-ugly/night-vision/22x22/i20.png
data/Themes/old-ugly/night-vision/22x22/i21.png
data/Themes/old-ugly/night-vision/22x22/i22.png
data/Themes/old-ugly/night-vision/22x22/i23.png
data/Themes/old-ugly/night-vision/22x22/i24.png
data/Themes/old-ugly/night-vision/22x22/i25.png
data/Themes/old-ugly/night-vision/22x22/i26.png
data/Themes/old-ugly/night-vision/22x22/i27.png
data/Themes/old-ugly/night-vision/22x22/i28.png
data/Themes/old-ugly/night-vision/22x22/i29.png
data/Themes/old-ugly/night-vision/22x22/i2.png
data/Themes/old-ugly/night-vision/22x22/i30.png
data/Themes/old-ugly/night-vision/22x22/i31.png
data/Themes/old-ugly/night-vision/22x22/i32.png
data/Themes/old-ugly/night-vision/22x22/i33.png
data/Themes/old-ugly/night-vision/22x22/i34.png
data/Themes/old-ugly/night-vision/22x22/i35.png
data/Themes/old-ugly/night-vision/22x22/i36.png
data/Themes/old-ugly/night-vision/22x22/i37.png
data/Themes/old-ugly/night-vision/22x22/i38.png
data/Themes/old-ugly/night-vision/22x22/i39.png
data/Themes/old-ugly/night-vision/22x22/i3.png
data/Themes/old-ugly/night-vision/22x22/i40.png
data/Themes/old-ugly/night-vision/22x22/i41.png
data/Themes/old-ugly/night-vision/22x22/i42.png
data/Themes/old-ugly/night-vision/22x22/i43.png
data/Themes/old-ugly/night-vision/22x22/i44.png
data/Themes/old-ugly/night-vision/22x22/i45.png
data/Themes/old-ugly/night-vision/22x22/i46.png
data/Themes/old-ugly/night-vision/22x22/i47.png
data/Themes/old-ugly/night-vision/22x22/i48.png
data/Themes/old-ugly/night-vision/22x22/i49.png
data/Themes/old-ugly/night-vision/22x22/i4.png
data/Themes/old-ugly/night-vision/22x22/i50.png
data/Themes/old-ugly/night-vision/22x22/i51.png
data/Themes/old-ugly/night-vision/22x22/i52.png
data/Themes/old-ugly/night-vision/22x22/i53.png
data/Themes/old-ugly/night-vision/22x22/i54.png
data/Themes/old-ugly/night-vision/22x22/i55.png
data/Themes/old-ugly/night-vision/22x22/i56.png
data/Themes/old-ugly/night-vision/22x22/i57.png
data/Themes/old-ugly/night-vision/22x22/i58.png
data/Themes/old-ugly/night-vision/22x22/i59.png
data/Themes/old-ugly/night-vision/22x22/i5.png
data/Themes/old-ugly/night-vision/22x22/i60.png
data/Themes/old-ugly/night-vision/22x22/i61.png
data/Themes/old-ugly/night-vision/22x22/i62.png
data/Themes/old-ugly/night-vision/22x22/i63.png
data/Themes/old-ugly/night-vision/22x22/i64.png
data/Themes/old-ugly/night-vision/22x22/i65.png
data/Themes/old-ugly/night-vision/22x22/i66.png
data/Themes/old-ugly/night-vision/22x22/i67.png
data/Themes/old-ugly/night-vision/22x22/i68.png
data/Themes/old-ugly/night-vision/22x22/i69.png
data/Themes/old-ugly/night-vision/22x22/i6.png
data/Themes/old-ugly/night-vision/22x22/i70.png
data/Themes/old-ugly/night-vision/22x22/i71.png
data/Themes/old-ugly/night-vision/22x22/i72.png
data/Themes/old-ugly/night-vision/22x22/i73.png
data/Themes/old-ugly/night-vision/22x22/i74.png
data/Themes/old-ugly/night-vision/22x22/i75.png
data/Themes/old-ugly/night-vision/22x22/i76.png
data/Themes/old-ugly/night-vision/22x22/i77.png
data/Themes/old-ugly/night-vision/22x22/i78.png
data/Themes/old-ugly/night-vision/22x22/i79.png
data/Themes/old-ugly/night-vision/22x22/i7.png
data/Themes/old-ugly/night-vision/22x22/i80.png
data/Themes/old-ugly/night-vision/22x22/i81.png
data/Themes/old-ugly/night-vision/22x22/i82.png
data/Themes/old-ugly/night-vision/22x22/i83.png
data/Themes/old-ugly/night-vision/22x22/i84.png
data/Themes/old-ugly/night-vision/22x22/i85.png
data/Themes/old-ugly/night-vision/22x22/i86.png
data/Themes/old-ugly/night-vision/22x22/i87.png
data/Themes/old-ugly/night-vision/22x22/i88.png
data/Themes/old-ugly/night-vision/22x22/i89.png
data/Themes/old-ugly/night-vision/22x22/i8.png
data/Themes/old-ugly/night-vision/22x22/i90.png
data/Themes/old-ugly/night-vision/22x22/i91.png
data/Themes/old-ugly/night-vision/22x22/i92.png
data/Themes/old-ugly/night-vision/22x22/i93.png
data/Themes/old-ugly/night-vision/22x22/i94.png
data/Themes/old-ugly/night-vision/22x22/i95.png
data/Themes/old-ugly/night-vision/22x22/i96.png
data/Themes/old-ugly/night-vision/22x22/i97.png
data/Themes/old-ugly/night-vision/22x22/i98.png
data/Themes/old-ugly/night-vision/22x22/i99.png
data/Themes/old-ugly/night-vision/22x22/i9.png
data/Themes/old-ugly/night-vision/32x32
data/Themes/old-ugly/night-vision/32x32/i0.png
data/Themes/old-ugly/night-vision/32x32/i100.png
data/Themes/old-ugly/night-vision/32x32/i101.png
data/Themes/old-ugly/night-vision/32x32/i102.png
data/Themes/old-ugly/night-vision/32x32/i103.png
data/Themes/old-ugly/night-vision/32x32/i104.png
data/Themes/old-ugly/night-vision/32x32/i105.png
data/Themes/old-ugly/night-vision/32x32/i106.png
data/Themes/old-ugly/night-vision/32x32/i107.png
data/Themes/old-ugly/night-vision/32x32/i108.png
data/Themes/old-ugly/night-vision/32x32/i109.png
data/Themes/old-ugly/night-vision/32x32/i10.png
data/Themes/old-ugly/night-vision/32x32/i110.png
data/Themes/old-ugly/night-vision/32x32/i111.png
data/Themes/old-ugly/night-vision/32x32/i112.png
data/Themes/old-ugly/night-vision/32x32/i113.png
data/Themes/old-ugly/night-vision/32x32/i114.png
data/Themes/old-ugly/night-vision/32x32/i115.png
data/Themes/old-ugly/night-vision/32x32/i116.png
data/Themes/old-ugly/night-vision/32x32/i117.png
data/Themes/old-ugly/night-vision/32x32/i118.png
data/Themes/old-ugly/night-vision/32x32/i119.png
data/Themes/old-ugly/night-vision/32x32/i11.png
data/Themes/old-ugly/night-vision/32x32/i120.png
data/Themes/old-ugly/night-vision/32x32/i121.png
data/Themes/old-ugly/night-vision/32x32/i122.png
data/Themes/old-ugly/night-vision/32x32/i12.png
data/Themes/old-ugly/night-vision/32x32/i13.png
data/Themes/old-ugly/night-vision/32x32/i14.png
data/Themes/old-ugly/night-vision/32x32/i15.png
data/Themes/old-ugly/night-vision/32x32/i16.png
data/Themes/old-ugly/night-vision/32x32/i17.png
data/Themes/old-ugly/night-vision/32x32/i18.png
data/Themes/old-ugly/night-vision/32x32/i19.png
data/Themes/old-ugly/night-vision/32x32/i1.png
data/Themes/old-ugly/night-vision/32x32/i20.png
data/Themes/old-ugly/night-vision/32x32/i21.png
data/Themes/old-ugly/night-vision/32x32/i22.png
data/Themes/old-ugly/night-vision/32x32/i23.png
data/Themes/old-ugly/night-vision/32x32/i24.png
data/Themes/old-ugly/night-vision/32x32/i25.png
data/Themes/old-ugly/night-vision/32x32/i26.png
data/Themes/old-ugly/night-vision/32x32/i27.png
data/Themes/old-ugly/night-vision/32x32/i28.png
data/Themes/old-ugly/night-vision/32x32/i29.png
data/Themes/old-ugly/night-vision/32x32/i2.png
data/Themes/old-ugly/night-vision/32x32/i30.png
data/Themes/old-ugly/night-vision/32x32/i31.png
data/Themes/old-ugly/night-vision/32x32/i32.png
data/Themes/old-ugly/night-vision/32x32/i33.png
data/Themes/old-ugly/night-vision/32x32/i34.png
data/Themes/old-ugly/night-vision/32x32/i35.png
data/Themes/old-ugly/night-vision/32x32/i36.png
data/Themes/old-ugly/night-vision/32x32/i37.png
data/Themes/old-ugly/night-vision/32x32/i38.png
data/Themes/old-ugly/night-vision/32x32/i39.png
data/Themes/old-ugly/night-vision/32x32/i3.png
data/Themes/old-ugly/night-vision/32x32/i40.png
data/Themes/old-ugly/night-vision/32x32/i41.png
data/Themes/old-ugly/night-vision/32x32/i42.png
data/Themes/old-ugly/night-vision/32x32/i43.png
data/Themes/old-ugly/night-vision/32x32/i44.png
data/Themes/old-ugly/night-vision/32x32/i45.png
data/Themes/old-ugly/night-vision/32x32/i46.png
data/Themes/old-ugly/night-vision/32x32/i47.png
data/Themes/old-ugly/night-vision/32x32/i48.png
data/Themes/old-ugly/night-vision/32x32/i49.png
data/Themes/old-ugly/night-vision/32x32/i4.png
data/Themes/old-ugly/night-vision/32x32/i50.png
data/Themes/old-ugly/night-vision/32x32/i51.png
data/Themes/old-ugly/night-vision/32x32/i52.png
data/Themes/old-ugly/night-vision/32x32/i53.png
data/Themes/old-ugly/night-vision/32x32/i54.png
data/Themes/old-ugly/night-vision/32x32/i55.png
data/Themes/old-ugly/night-vision/32x32/i56.png
data/Themes/old-ugly/night-vision/32x32/i57.png
data/Themes/old-ugly/night-vision/32x32/i58.png
data/Themes/old-ugly/night-vision/32x32/i59.png
data/Themes/old-ugly/night-vision/32x32/i5.png
data/Themes/old-ugly/night-vision/32x32/i60.png
data/Themes/old-ugly/night-vision/32x32/i61.png
data/Themes/old-ugly/night-vision/32x32/i62.png
data/Themes/old-ugly/night-vision/32x32/i63.png
data/Themes/old-ugly/night-vision/32x32/i64.png
data/Themes/old-ugly/night-vision/32x32/i65.png
data/Themes/old-ugly/night-vision/32x32/i66.png
data/Themes/old-ugly/night-vision/32x32/i67.png
data/Themes/old-ugly/night-vision/32x32/i68.png
data/Themes/old-ugly/night-vision/32x32/i69.png
data/Themes/old-ugly/night-vision/32x32/i6.png
data/Themes/old-ugly/night-vision/32x32/i70.png
data/Themes/old-ugly/night-vision/32x32/i71.png
data/Themes/old-ugly/night-vision/32x32/i72.png
data/Themes/old-ugly/night-vision/32x32/i73.png
data/Themes/old-ugly/night-vision/32x32/i74.png
data/Themes/old-ugly/night-vision/32x32/i75.png
data/Themes/old-ugly/night-vision/32x32/i76.png
data/Themes/old-ugly/night-vision/32x32/i77.png
data/Themes/old-ugly/night-vision/32x32/i78.png
data/Themes/old-ugly/night-vision/32x32/i79.png
data/Themes/old-ugly/night-vision/32x32/i7.png
data/Themes/old-ugly/night-vision/32x32/i80.png
data/Themes/old-ugly/night-vision/32x32/i81.png
data/Themes/old-ugly/night-vision/32x32/i82.png
data/Themes/old-ugly/night-vision/32x32/i83.png
data/Themes/old-ugly/night-vision/32x32/i84.png
data/Themes/old-ugly/night-vision/32x32/i85.png
data/Themes/old-ugly/night-vision/32x32/i86.png
data/Themes/old-ugly/night-vision/32x32/i87.png
data/Themes/old-ugly/night-vision/32x32/i88.png
data/Themes/old-ugly/night-vision/32x32/i89.png
data/Themes/old-ugly/night-vision/32x32/i8.png
data/Themes/old-ugly/night-vision/32x32/i90.png
data/Themes/old-ugly/night-vision/32x32/i91.png
data/Themes/old-ugly/night-vision/32x32/i92.png
data/Themes/old-ugly/night-vision/32x32/i93.png
data/Themes/old-ugly/night-vision/32x32/i94.png
data/Themes/old-ugly/night-vision/32x32/i95.png
data/Themes/old-ugly/night-vision/32x32/i96.png
data/Themes/old-ugly/night-vision/32x32/i97.png
data/Themes/old-ugly/night-vision/32x32/i98.png
data/Themes/old-ugly/night-vision/32x32/i99.png
data/Themes/old-ugly/night-vision/32x32/i9.png
data/varobs/And.dat
data/varobs/Ant.dat
data/varobs/Aps.dat
data/varobs/Aql.dat
data/varobs/Aqr.dat
data/varobs/Ara.dat
data/varobs/Ari.dat
data/varobs/Aur.dat
data/varobs/Boo.dat
data/varobs/Cae.dat
data/varobs/Cam.dat
data/varobs/Cap.dat
data/varobs/Car.dat
data/varobs/Cas.dat
data/varobs/Cen.dat
data/varobs/Cep.dat
data/varobs/Cet.dat
data/varobs/Cha.dat
data/varobs/Cir.dat
data/varobs/CMa.dat
data/varobs/CMi.dat
data/varobs/Cnc.dat
data/varobs/Col.dat
data/varobs/Com.dat
data/varobs/CrA.dat
data/varobs/CrB.dat
data/varobs/Crt.dat
data/varobs/Cru.dat
data/varobs/Crv.dat
data/varobs/CVn.dat
data/varobs/Cyg.dat
data/varobs/Del.dat
data/varobs/Dor.dat
data/varobs/Dra.dat
data/varobs/Equ.dat
data/varobs/Eri.dat
data/varobs/For.dat
data/varobs/Gem.dat
data/varobs/Gru.dat
data/varobs/Her.dat
data/varobs/Hor.dat
data/varobs/Hya.dat
data/varobs/Hyi.dat
data/varobs/Ind.dat
data/varobs/Lac.dat
data/varobs/Leo.dat
data/varobs/Lep.dat
data/varobs/Lib.dat
data/varobs/LMi.dat
data/varobs/Lup.dat
data/varobs/Lyn.dat
data/varobs/Lyr.dat
data/varobs/Men.dat
data/varobs/Mic.dat
data/varobs/Mon.dat
data/varobs/Mus.dat
data/varobs/Nor.dat
data/varobs/Oct.dat
data/varobs/Oph.dat
data/varobs/Ori.dat
data/varobs/Pav.dat
data/varobs/Peg.dat
data/varobs/Per.dat
data/varobs/Phe.dat
data/varobs/Pic.dat
data/varobs/PsA.dat
data/varobs/Psc.dat
data/varobs/Pup.dat
data/varobs/Pyx.dat
data/varobs/readme.txt
data/varobs/Ret.dat
data/varobs/Scl.dat
data/varobs/Sco.dat
data/varobs/Sct.dat
data/varobs/Ser.dat
data/varobs/Sex.dat
data/varobs/Sge.dat
data/varobs/Sgr.dat
data/varobs/Tau.dat
data/varobs/Tel.dat
data/varobs/TrA.dat
data/varobs/Tri.dat
data/varobs/Tuc.dat
data/varobs/UMa.dat
data/varobs/UMi.dat
data/varobs/united.txt
data/varobs/Vel.dat
data/varobs/Vir.dat
data/varobs/Vol.dat
data/varobs/Vul.dat
doc
doc/releasenotes_fr.txt
doc/releasenotes_ru.txt
doc/releasenotes.txt
doc/releasenotes_ua.txt
