doc
doc/html_doc
doc/html_doc/en
doc/html_doc/en/Location_US_Designations.html
doc/html_doc/en/Location_World_Designations.html
doc/releasenotes_fr.txt
doc/releasenotes_ru.txt
doc/releasenotes.txt
doc/releasenotes_ua.txt
doc/wiki_doc
doc/wiki_doc/en
doc/wiki_doc/en/documentation
doc/wiki_doc/en/documentation/advanced_search.html
doc/wiki_doc/en/documentation/calendar_asteroid.html
doc/wiki_doc/en/documentation/calendar_comet.html
doc/wiki_doc/en/documentation/calendar_input_area.html
doc/wiki_doc/en/documentation/calendar_lunar_eclipses.html
doc/wiki_doc/en/documentation/calendar_planet.html
doc/wiki_doc/en/documentation/calendar_solar_eclipses.html
doc/wiki_doc/en/documentation/calendar_twilight.html
doc/wiki_doc/en/documentation/catalog.html
doc/wiki_doc/en/documentation/chart_coordinates.html
doc/wiki_doc/en/documentation/date_time.html
doc/wiki_doc/en/documentation/detailed_information.html
doc/wiki_doc/en/documentation/display.html
doc/wiki_doc/en/documentation/documentation_license.html
doc/wiki_doc/en/documentation/faq.html
doc/wiki_doc/en/documentation/install_and_compile_the_source_code.html
doc/wiki_doc/en/documentation/install_new_catalogs.html
doc/wiki_doc/en/documentation/install_on_freebsd.html
doc/wiki_doc/en/documentation/install_on_linux_debian.html
doc/wiki_doc/en/documentation/install_on_windows.html
doc/wiki_doc/en/documentation/internet.html
doc/wiki_doc/en/documentation/left_bar.html
doc/wiki_doc/en/documentation/main_bar.html
doc/wiki_doc/en/documentation/menuchart.html
doc/wiki_doc/en/documentation/menuedit.html
doc/wiki_doc/en/documentation/menufile.html
doc/wiki_doc/en/documentation/menuhelp.html
doc/wiki_doc/en/documentation/menusetup.html
doc/wiki_doc/en/documentation/menutelescope.html
doc/wiki_doc/en/documentation/menuview.html
doc/wiki_doc/en/documentation/menuwindow.html
doc/wiki_doc/en/documentation/object_bar.html
doc/wiki_doc/en/documentation/object_list.html
doc/wiki_doc/en/documentation/observatory.html
doc/wiki_doc/en/documentation/pictures.html
doc/wiki_doc/en/documentation/position.html
doc/wiki_doc/en/documentation/quick_start_guide.html
doc/wiki_doc/en/documentation/right_bar.html
doc/wiki_doc/en/documentation/server_information.html
doc/wiki_doc/en/documentation/set_fov.html
doc/wiki_doc/en/documentation/software_license.html
doc/wiki_doc/en/documentation/solar_system.html
doc/wiki_doc/en/documentation/start.html
doc/wiki_doc/en/documentation/status_bar.html
doc/wiki_doc/en/documentation/system.html
doc/wiki_doc/en/news
doc/wiki_doc/en/news/more_catalog_for_linux.html
doc/wiki_doc/en/news/new_web_pages.html
doc/wiki_doc/en/news/start.html
doc/wiki_doc/en/news/the_version_3_alpha_0.0.1_is_available.html
doc/wiki_doc/en/news/version_3_alpha_0.0.2.html
doc/wiki_doc/en/news/version_3_alpha_0.0.3.html
doc/wiki_doc/en/news/version_3_alpha_0.0.4.html
doc/wiki_doc/en/news/version_3_alpha_0.0.5.html
doc/wiki_doc/en/news/version_3_alpha_0.0.6.html
doc/wiki_doc/en/news/version_3_alpha_0.0.7.html
doc/wiki_doc/en/news/version_3_alpha_0.0.8.html
doc/wiki_doc/en/news/version_3_alpha_0.0.9.html
doc/wiki_doc/en/news/version_3_beta_0.1.0.html
doc/wiki_doc/en/news/version_3_beta_0.1.2.html
doc/wiki_doc/en/news/version_3_beta_0.1.4.html
doc/wiki_doc/es
doc/wiki_doc/es/documentation
doc/wiki_doc/es/documentation/faq.html
doc/wiki_doc/es/documentation/guia_rapida.html
doc/wiki_doc/es/documentation/instalar_en_freebsd.html
doc/wiki_doc/es/documentation/instalar_en_linux_debian.html
doc/wiki_doc/es/documentation/instalar_en_windows.html
doc/wiki_doc/es/documentation/instalar_nuevos_catalogos.html
doc/wiki_doc/es/documentation/instalar_y_compilar_el_codigo_fuente.html
doc/wiki_doc/es/documentation/start.html
doc/wiki_doc/fr
doc/wiki_doc/fr/documentation
doc/wiki_doc/fr/documentation/affichage.html
doc/wiki_doc/fr/documentation/barre_de_droite.html
doc/wiki_doc/fr/documentation/barre_de_gauche.html
doc/wiki_doc/fr/documentation/barre_d_etat.html
doc/wiki_doc/fr/documentation/barre_d_objet.html
doc/wiki_doc/fr/documentation/barre_principale.html
doc/wiki_doc/fr/documentation/calendrier_asteroide.html
doc/wiki_doc/fr/documentation/calendrier_comete.html
doc/wiki_doc/fr/documentation/calendrier_crepuscule.html
doc/wiki_doc/fr/documentation/calendrier_eclipses_lunaires.html
doc/wiki_doc/fr/documentation/calendrier_eclipses_solaires.html
doc/wiki_doc/fr/documentation/calendrier_planete.html
doc/wiki_doc/fr/documentation/calendrier_zone_de_saisie.html
doc/wiki_doc/fr/documentation/carte_coordonnees.html
doc/wiki_doc/fr/documentation/catalogues.html
doc/wiki_doc/fr/documentation/date_heure.html
doc/wiki_doc/fr/documentation/faq.html
doc/wiki_doc/fr/documentation/guide_d_utilisation_rapide.html
doc/wiki_doc/fr/documentation/images.html
doc/wiki_doc/fr/documentation/information_detaillee.html
doc/wiki_doc/fr/documentation/information_sur_le_serveur.html
doc/wiki_doc/fr/documentation/installation_de_nouveaux_catalogues.html
doc/wiki_doc/fr/documentation/installation_et_compilation_du_code_source.html
doc/wiki_doc/fr/documentation/installation_pour_freebsd.html
doc/wiki_doc/fr/documentation/installation_pour_linux_debian.html
doc/wiki_doc/fr/documentation/installation_pour_windows.html
doc/wiki_doc/fr/documentation/internet.html
doc/wiki_doc/fr/documentation/licence_de_la_documentation.html
doc/wiki_doc/fr/documentation/licence_du_logiciel.html
doc/wiki_doc/fr/documentation/list_des_objets.html
doc/wiki_doc/fr/documentation/menuaide.html
doc/wiki_doc/fr/documentation/menucarte.html
doc/wiki_doc/fr/documentation/menuconfiguration.html
doc/wiki_doc/fr/documentation/menuedition.html
doc/wiki_doc/fr/documentation/menufenetre.html
doc/wiki_doc/fr/documentation/menufichier.html
doc/wiki_doc/fr/documentation/menutelescope.html
doc/wiki_doc/fr/documentation/menuvoir.html
doc/wiki_doc/fr/documentation/observatoire.html
doc/wiki_doc/fr/documentation/position.html
doc/wiki_doc/fr/documentation/recherche_avancee.html
doc/wiki_doc/fr/documentation/regle_le_champ.html
doc/wiki_doc/fr/documentation/start.html
doc/wiki_doc/fr/documentation/systeme.html
doc/wiki_doc/fr/documentation/systeme_solaire.html
doc/wiki_doc/fr/nouvelles
doc/wiki_doc/fr/nouvelles/la_version_3_alpha_0.0.1_est_disponible.html
doc/wiki_doc/fr/nouvelles/nouvelles_pages_web.html
doc/wiki_doc/fr/nouvelles/plus_de_donnees_pour_linux.html
doc/wiki_doc/fr/nouvelles/start.html
doc/wiki_doc/fr/nouvelles/version_3_alpha_0.0.2.html
doc/wiki_doc/fr/nouvelles/version_3_alpha_0.0.3.html
doc/wiki_doc/fr/nouvelles/version_3_alpha_0.0.4.html
doc/wiki_doc/fr/nouvelles/version_3_alpha_0.0.5.html
doc/wiki_doc/fr/nouvelles/version_3_alpha_0.0.6.html
doc/wiki_doc/fr/nouvelles/version_3_alpha_0.0.7.html
doc/wiki_doc/fr/nouvelles/version_3_alpha_0.0.8.html
doc/wiki_doc/fr/nouvelles/version_3_alpha_0.0.9.html
doc/wiki_doc/fr/nouvelles/version_3_beta_0.1.0.html
doc/wiki_doc/fr/nouvelles/version_3_beta_0.1.2.html
doc/wiki_doc/fr/nouvelles/version_3_beta_0.1.4.html
doc/wiki_doc/it
doc/wiki_doc/it/documentation
doc/wiki_doc/it/documentation/faq.html
doc/wiki_doc/it/documentation/installare_e_compilare_da_codice_sorgente.html
doc/wiki_doc/it/documentation/installazione_su_linux_debian.html
doc/wiki_doc/it/documentation/installazione_su_windows.html
doc/wiki_doc/it/documentation/menuconfigurazione.html
doc/wiki_doc/it/documentation/start.html
doc/wiki_doc/lib
doc/wiki_doc/lib/exe
doc/wiki_doc/lib/exe/css.php
doc/wiki_doc/lib/exe/css.php@print=1
doc/wiki_doc/lib/exe/js.php@edit=0&write=0
doc/wiki_doc/lib/images
doc/wiki_doc/lib/images/smileys
doc/wiki_doc/lib/images/smileys/fixme.gif
doc/wiki_doc/lib/images/smileys/icon_doubt2.gif
doc/wiki_doc/lib/images/smileys/icon_exclaim.gif
doc/wiki_doc/lib/images/smileys/icon_question.gif
doc/wiki_doc/lib/images/smileys/icon_smile.gif
doc/wiki_doc/lib/images/smileys/icon_wink.gif
doc/wiki_doc/_media
doc/wiki_doc/_media/en
doc/wiki_doc/_media/en/screenshot
doc/wiki_doc/_media/en/screenshot/i002.jpg@w=250&h=&cache=cache
doc/wiki_doc/_media/en/screenshot/i003.jpg@w=250&h=&cache=cache
doc/wiki_doc/_media/en/screenshot/i005.jpg@w=250&h=&cache=cache
doc/wiki_doc/_media/en/screenshot/i009.jpg@w=250&h=&cache=cache
doc/wiki_doc/_media/en/screenshot/i010.jpg@w=250&h=&cache=cache
doc/wiki_doc/_media/en/screenshot/i011b.jpg@w=250&h=&cache=cache
doc/wiki_doc/_media/en/screenshot/i011.jpg@w=250&h=&cache=cache
doc/wiki_doc/_media/en/screenshot/i012.jpg@w=250&h=&cache=cache
doc/wiki_doc/_media/en/screenshot/i013.jpg@w=250&h=&cache=cache
doc/wiki_doc/_media/en/screenshot/i014.jpg@w=250&h=&cache=cache
doc/wiki_doc/_media/en/screenshot/i015.jpg@w=250&h=&cache=cache
doc/wiki_doc/_media/en/screenshot/i016.jpg@w=250&h=&cache=cache
doc/wiki_doc/_media/en/screenshot/i017.jpg@w=250&h=&cache=cache
doc/wiki_doc/_media/en/screenshot/i018.jpg@w=250&h=&cache=cache
doc/wiki_doc/_media/en/screenshot/i019.jpg@w=250&h=&cache=cache
doc/wiki_doc/_media/en/screenshot/i020.jpg@w=250&h=&cache=cache
doc/wiki_doc/_media/en/screenshot/i021.jpg@w=250&h=&cache=cache
doc/wiki_doc/_media/en/screenshot/i022.jpg@w=250&h=&cache=cache
doc/wiki_doc/_media/en/screenshot/i023.jpg@w=250&h=&cache=cache
doc/wiki_doc/_media/en/screenshot/i024.jpg@w=250&h=&cache=cache
doc/wiki_doc/_media/en/screenshot/i025.jpg@w=250&h=&cache=cache
doc/wiki_doc/_media/en/screenshot/i026.jpg@w=250&h=&cache=cache
doc/wiki_doc/_media/en/screenshot/i027.jpg@w=250&h=&cache=cache
doc/wiki_doc/_media/en/screenshot/i028.jpg@w=250&h=&cache=cache
doc/wiki_doc/_media/en/screenshot/i029.jpg@w=250&h=&cache=cache
doc/wiki_doc/_media/en/screenshot/i030.jpg@w=250&h=&cache=cache
doc/wiki_doc/_media/en/screenshot/i032.jpg@w=250&h=&cache=cache
doc/wiki_doc/_media/en/screenshot/i034.jpg@w=250&h=&cache=cache
doc/wiki_doc/_media/en/screenshot/i035.jpg@w=250&h=&cache=cache
doc/wiki_doc/_media/lazarus.jpg@w=&h=&cache=cache
doc/wiki_doc/nl
doc/wiki_doc/nl/documentation
doc/wiki_doc/nl/documentation/documentatie_licentie.html
doc/wiki_doc/nl/documentation/faq.html
doc/wiki_doc/nl/documentation/installatie_en_compileren_van_de_broncode.html
doc/wiki_doc/nl/documentation/installatie_op_freebsd.html
doc/wiki_doc/nl/documentation/installatie_op_linux_debian.html
doc/wiki_doc/nl/documentation/installatie_op_windows.html
doc/wiki_doc/nl/documentation/software_licentie.html
doc/wiki_doc/nl/documentation/start.html
doc/wiki_doc/nl/nieuws
doc/wiki_doc/nl/nieuws/nieuwe_web_pagina_s.html
doc/wiki_doc/nl/nieuws/start.html
doc/wiki_doc/nl/nieuws/versie_3_alpha_0.0.8.html
doc/wiki_doc/nl/nieuws/versie_3_alpha_0.0.9.html
doc/wiki_doc/nl/nieuws/versie_3_beta_0.1.0.html
doc/wiki_doc/nl/nieuws/versie_3_beta_0.1.2.html
doc/wiki_doc/ru
doc/wiki_doc/ru/documentation
doc/wiki_doc/ru/documentation/start.html
doc/wiki_doc/uk
doc/wiki_doc/uk/documentation
doc/wiki_doc/uk/documentation/faq.html
doc/wiki_doc/uk/documentation/menuchart.html
doc/wiki_doc/uk/documentation/menuedit.html
doc/wiki_doc/uk/documentation/menufile.html
doc/wiki_doc/uk/documentation/menuhelp.html
doc/wiki_doc/uk/documentation/menusetup.html
doc/wiki_doc/uk/documentation/menutelescope.html
doc/wiki_doc/uk/documentation/menuview.html
doc/wiki_doc/uk/documentation/menuwindow.html
doc/wiki_doc/uk/documentation/start.html
